Component: Arm Compiler for Embedded 6.21 Tool: armlink [5ec1fa00]

==============================================================================

Section Cross References

    main.o(.text.main) refers to main.o(.text.PLL_Init) for PLL_Init
    main.o(.text.main) refers to main.o(.text.PA0_1_as_UART_Tx_Rx_Init) for PA0_1_as_UART_Tx_Rx_Init
    main.o(.text.main) refers to main.o(.text.PF2_as_M1PWM6_Init) for PF2_as_M1PWM6_Init
    main.o(.text.main) refers to main.o(.text.PWM_Module1_Channel6_Init) for PWM_Module1_Channel6_Init
    main.o(.text.main) refers to main.o(.text.UART0_Tx_RX_Init) for UART0_Tx_RX_Init
    main.o(.text.main) refers to main.o(.text.LCD4bits_Init) for LCD4bits_Init
    main.o(.text.main) refers to main.o(.text.PE0_External_Interrupt_Input_Init) for PE0_External_Interrupt_Input_Init
    main.o(.text.main) refers to main.o(.text.ADC_Enable) for ADC_Enable
    main.o(.text.main) refers to f2d.o(x$fpl$f2d) for __aeabi_f2d
    main.o(.text.main) refers to ddiv.o(x$fpl$ddiv) for __aeabi_ddiv
    main.o(.text.main) refers to d2f.o(x$fpl$d2f) for __aeabi_d2f
    main.o(.text.main) refers to dmul.o(x$fpl$dmul) for __aeabi_dmul
    main.o(.text.main) refers to daddsub_clz.o(x$fpl$dadd) for __aeabi_dadd
    main.o(.text.main) refers to main.o(.bss.current_value) for current_value
    main.o(.text.main) refers to main.o(.bss.rpm) for rpm
    main.o(.text.main) refers to main.o(.text.LCD4bits_Cmd) for LCD4bits_Cmd
    main.o(.text.main) refers to main.o(.rodata.str1.1) for .L.str
    main.o(.text.main) refers to main.o(.text.LCD_WriteString) for LCD_WriteString
    main.o(.text.main) refers to main.o(.text.intToString) for intToString
    main.o(.text.main) refers to main.o(.bss.buffer) for buffer
    main.o(.text.main) refers to main.o(.text.floatToString) for floatToString
    main.o(.text.main) refers to main.o(.bss.updateFlag) for updateFlag
    main.o(.text.main) refers to sprintf.o(.text) for sprintf
    main.o(.text.main) refers to main.o(.text.UART0_SendString) for UART0_SendString
    main.o(.text.main) refers to main.o(.bss.interruptOccurred) for interruptOccurred
    main.o(.text.main) refers to main.o(.text.delay) for delay
    main.o(.ARM.exidx.text.main) refers to main.o(.text.main) for [Anonymous Symbol]
    main.o(.ARM.exidx.text.PLL_Init) refers to main.o(.text.PLL_Init) for [Anonymous Symbol]
    main.o(.text.PA0_1_as_UART_Tx_Rx_Init) refers to main.o(.bss.j) for j
    main.o(.ARM.exidx.text.PA0_1_as_UART_Tx_Rx_Init) refers to main.o(.text.PA0_1_as_UART_Tx_Rx_Init) for [Anonymous Symbol]
    main.o(.text.PF2_as_M1PWM6_Init) refers to main.o(.bss.j) for j
    main.o(.ARM.exidx.text.PF2_as_M1PWM6_Init) refers to main.o(.text.PF2_as_M1PWM6_Init) for [Anonymous Symbol]
    main.o(.text.PWM_Module1_Channel6_Init) refers to main.o(.bss.j) for j
    main.o(.ARM.exidx.text.PWM_Module1_Channel6_Init) refers to main.o(.text.PWM_Module1_Channel6_Init) for [Anonymous Symbol]
    main.o(.text.UART0_Tx_RX_Init) refers to main.o(.bss.j) for j
    main.o(.ARM.exidx.text.UART0_Tx_RX_Init) refers to main.o(.text.UART0_Tx_RX_Init) for [Anonymous Symbol]
    main.o(.text.LCD4bits_Init) refers to main.o(.text.delayMs) for delayMs
    main.o(.text.LCD4bits_Init) refers to main.o(.text.LCD4bits_Cmd) for LCD4bits_Cmd
    main.o(.ARM.exidx.text.LCD4bits_Init) refers to main.o(.text.LCD4bits_Init) for [Anonymous Symbol]
    main.o(.text.PE0_External_Interrupt_Input_Init) refers to main.o(.bss.j) for j
    main.o(.ARM.exidx.text.PE0_External_Interrupt_Input_Init) refers to main.o(.text.PE0_External_Interrupt_Input_Init) for [Anonymous Symbol]
    main.o(.ARM.exidx.text.ADC_Enable) refers to main.o(.text.ADC_Enable) for [Anonymous Symbol]
    main.o(.text.LCD4bits_Cmd) refers to main.o(.text.LCD_Write4bits) for LCD_Write4bits
    main.o(.text.LCD4bits_Cmd) refers to main.o(.text.delayMs) for delayMs
    main.o(.text.LCD4bits_Cmd) refers to main.o(.text.delayUs) for delayUs
    main.o(.ARM.exidx.text.LCD4bits_Cmd) refers to main.o(.text.LCD4bits_Cmd) for [Anonymous Symbol]
    main.o(.text.LCD_WriteString) refers to main.o(.text.LCD4bits_Data) for LCD4bits_Data
    main.o(.ARM.exidx.text.LCD_WriteString) refers to main.o(.text.LCD_WriteString) for [Anonymous Symbol]
    main.o(.text.intToString) refers to main.o(.bss.buffer) for buffer
    main.o(.ARM.exidx.text.intToString) refers to main.o(.text.intToString) for [Anonymous Symbol]
    main.o(.text.floatToString) refers to main.o(.bss.buffer) for buffer
    main.o(.ARM.exidx.text.floatToString) refers to main.o(.text.floatToString) for [Anonymous Symbol]
    main.o(.ARM.exidx.text.UART0_SendString) refers to main.o(.text.UART0_SendString) for [Anonymous Symbol]
    main.o(.ARM.exidx.text.delay) refers to main.o(.text.delay) for [Anonymous Symbol]
    main.o(.text.GPIOE_Handler) refers to main.o(.bss.rpm) for rpm
[...]
    ../clib/printf_percent.s                 0x00000000   Number         0  _printf_lc.o ABSOLUTE
    ../clib/printf_percent.s                 0x00000000   Number         0  _printf_ls.o ABSOLUTE
    ../clib/printf_percent.s                 0x00000000   Number         0  _printf_llo.o ABSOLUTE
    ../clib/printf_percent.s                 0x00000000   Number         0  _printf_llx.o ABSOLUTE
    ../clib/printf_percent.s                 0x00000000   Number         0  _printf_percent_end.o ABSOLUTE
    ../clib/signal.c                         0x00000000   Number         0  defsig_rtmem_outer.o ABSOLUTE
    ../clib/signal.c                         0x00000000   Number         0  defsig_rtmem_formal.o ABSOLUTE
    ../clib/signal.c                         0x00000000   Number         0  defsig_exit.o ABSOLUTE
    ../clib/signal.c                         0x00000000   Number         0  defsig_rtmem_inner.o ABSOLUTE
    ../clib/signal.c                         0x00000000   Number         0  __raise.o ABSOLUTE
    ../clib/signal.c                         0x00000000   Number         0  defsig_general.o ABSOLUTE
    ../clib/signal.c                         0x00000000   Number         0  defsig_abrt_inner.o ABSOLUTE
    ../clib/signal.c                         0x00000000   Number         0  defsig_fpe_inner.o ABSOLUTE
    ../clib/signal.c                         0x00000000   Number         0  defsig_rtred_inner.o ABSOLUTE
    ../clib/signal.c                         0x00000000   Number         0  defsig_stak_inner.o ABSOLUTE
    ../clib/signal.c                         0x00000000   Number         0  defsig_pvfn_inner.o ABSOLUTE
    ../clib/signal.c                         0x00000000   Number         0  defsig_cppl_inner.o ABSOLUTE
    ../clib/signal.c                         0x00000000   Number         0  defsig_segv_inner.o ABSOLUTE
    ../clib/signal.c                         0x00000000   Number         0  defsig_other.o ABSOLUTE
    ../clib/signal.s                         0x00000000   Number         0  defsig.o ABSOLUTE
    ../clib/stdlib.c                         0x00000000   Number         0  exit.o ABSOLUTE
    ../fplib/d2f.s                           0x00000000   Number         0  d2f.o ABSOLUTE
    ../fplib/daddsub.s                       0x00000000   Number         0  daddsub_clz.o ABSOLUTE
    ../fplib/ddiv.s                          0x00000000   Number         0  ddiv.o ABSOLUTE
    ../fplib/dmul.s                          0x00000000   Number         0  dmul.o ABSOLUTE
    ../fplib/dnaninf.s                       0x00000000   Number         0  dnaninf.o ABSOLUTE
    ../fplib/dretinf.s                       0x00000000   Number         0  dretinf.o ABSOLUTE
    ../fplib/f2d.s                           0x00000000   Number         0  f2d.o ABSOLUTE
    ../fplib/fnaninf.s                       0x00000000   Number         0  fnaninf.o ABSOLUTE
    ../fplib/fpinit.s                        0x00000000   Number         0  fpinit.o ABSOLUTE
    ../fplib/fretinf.s                       0x00000000   Number         0  fretinf.o ABSOLUTE
    ../fplib/istatus.s                       0x00000000   Number         0  istatus.o ABSOLUTE
    ../fplib/printf1.s                       0x00000000   Number         0  printf1.o ABSOLUTE
    ../fplib/printf2.s                       0x00000000   Number         0  printf2.o ABSOLUTE
    ../fplib/printf2a.s                      0x00000000   Number         0  printf2a.o ABSOLUTE
    ../fplib/printf2b.s                      0x00000000   Number         0  printf2b.o ABSOLUTE
    ../fplib/usenofp.s                       0x00000000   Number         0  usenofp.o ABSOLUTE
    ../mathlib/fpclassify.c                  0x00000000   Number         0  fpclassify.o ABSOLUTE
    RTE/Device/TM4C123GH6PM/startup_TM4C123.s 0x00000000   Number         0  startup_tm4c123.o ABSOLUTE
    dc.s                                     0x00000000   Number         0  dc.o ABSOLUTE
    main.c                                   0x00000000   Number         0  main.o ABSOLUTE
    system_TM4C123.c                         0x00000000   Number         0  system_tm4c123.o ABSOLUTE
    RESET                                    0x00000000   Section      620  startup_tm4c123.o(RESET)
    !!!main                                  0x0000026c   Section        8  __main.o(!!!main)
    !!!scatter                               0x00000274   Section       92  __scatter.o(!!!scatter)
    !!handler_null                           0x000002d0   Section        2  __scatter.o(!!handler_null)
    !!handler_zi                             0x000002d4   Section       28  __scatter_zi.o(!!handler_zi)
    .ARM.Collect$$_printf_percent$$00000000  0x000002f0   Section        0  _printf_percent.o(.ARM.Collect$$_printf_percent$$00000000)
    .ARM.Collect$$_printf_percent$$00000001  0x000002f0   Section        6  _printf_n.o(.ARM.Collect$$_printf_percent$$00000001)
    .ARM.Collect$$_printf_percent$$00000002  0x000002f6   Section        6  _printf_p.o(.ARM.Collect$$_printf_percent$$00000002)
    .ARM.Collect$$_printf_percent$$00000003  0x000002fc   Section        6  _printf_f.o(.ARM.Collect$$_printf_percent$$00000003)
    .ARM.Collect$$_printf_percent$$00000004  0x00000302   Section        6  _printf_e.o(.ARM.Collect$$_printf_percent$$00000004)
    .ARM.Collect$$_printf_percent$$00000005  0x00000308   Section        6  _printf_g.o(.ARM.Collect$$_printf_percent$$00000005)
    .ARM.Collect$$_printf_percent$$00000006  0x0000030e   Section        6  _printf_a.o(.ARM.Collect$$_printf_percent$$00000006)
    .ARM.Collect$$_printf_percent$$00000007  0x00000314   Section       10  _printf_ll.o(.ARM.Collect$$_printf_percent$$00000007)
    .ARM.Collect$$_printf_percent$$00000008  0x0000031e   Section        6  _printf_i.o(.ARM.Collect$$_printf_percent$$00000008)
    .ARM.Collect$$_printf_percent$$00000009  0x00000324   Section        6  _printf_d.o(.ARM.Collect$$_printf_percent$$00000009)
    .ARM.Collect$$_printf_percent$$0000000A  0x0000032a   Section        6  _printf_u.o(.ARM.Collect$$_printf_percent$$0000000A)
    .ARM.Collect$$_printf_percent$$0000000B  0x00000330   Section        6  _printf_o.o(.ARM.Collect$$_printf_percent$$0000000B)
    .ARM.Collect$$_printf_percent$$0000000C  0x00000336   Section        6  _printf_x.o(.ARM.Collect$$_printf_percent$$0000000C)
    .ARM.Collect$$_printf_percent$$0000000D  0x0000033c   Section        6  _printf_lli.o(.ARM.Collect$$_printf_percent$$0000000D)
    .ARM.Collect$$_printf_percent$$0000000E  0x00000342   Section        6  _printf_lld.o(.ARM.Collect$$_printf_percent$$0000000E)
    .ARM.Collect$$_printf_percent$$0000000F  0x00000348   Section        6  _printf_llu.o(.ARM.Collect$$_printf_percent$$0000000F)
    .ARM.Collect$$_printf_percent$$00000010  0x0000034e   Section        6  _printf_llo.o(.ARM.Collect$$_printf_percent$$00000010)
    .ARM.Collect$$_printf_percent$$00000011  0x00000354   Section        6  _printf_llx.o(.ARM.Collect$$_printf_percent$$00000011)
    .ARM.Collect$$_printf_percent$$00000012  0x0000035a   Section       10  _printf_l.o(.ARM.Collect$$_printf_percent$$00000012)
    .ARM.Collect$$_printf_percent$$00000013  0x00000364   Section        6  _printf_c.o(.ARM.Collect$$_printf_percent$$00000013)
    .ARM.Collect$$_printf_percent$$00000014  0x0000036a   Section        6  _printf_s.o(.ARM.Collect$$_printf_percent$$00000014)
    .ARM.Collect$$_printf_percent$$00000015  0x00000370   Section        6  _printf_lc.o(.ARM.Collect$$_printf_percent$$00000015)
    .ARM.Collect$$_printf_percent$$00000016  0x00000376   Section        6  _printf_ls.o(.ARM.Collect$$_printf_percent$$00000016)
    .ARM.Collect$$_printf_percent$$00000017  0x0000037c   Section        4  _printf_percent_end.o(.ARM.Collect$$_printf_percent$$00000017)
    .ARM.Collect$$libinit$$00000000          0x00000380   Section        2  libinit.o(.ARM.Collect$$libinit$$00000000)
    .ARM.Collect$$libinit$$00000001          0x00000382   Section        4  libinit2.o(.ARM.Collect$$libinit$$00000001)
    .ARM.Collect$$libinit$$00000004          0x00000386   Section        0  libinit2.o(.ARM.Collect$$libinit$$00000004)
    .ARM.Collect$$libinit$$00000006          0x00000386   Section        0  libinit2.o(.ARM.Collect$$libinit$$00000006)
    .ARM.Collect$$libinit$$0000000C          0x00000386   Section        0  libinit2.o(.ARM.Collect$$libinit$$0000000C)
    .ARM.Collect$$libinit$$0000000E          0x00000386   Section        0  libinit2.o(.ARM.Collect$$libinit$$0000000E)
    .ARM.Collect$$libinit$$00000010          0x00000386   Section        0  libinit2.o(.ARM.Collect$$libinit$$00000010)
    .ARM.Collect$$libinit$$00000011          0x00000386   Section        6  libinit2.o(.ARM.Collect$$libinit$$00000011)
    .ARM.Collect$$libinit$$00000013          0x0000038c   Section        0  libinit2.o(.ARM.Collect$$libinit$$00000013)
    .ARM.Collect$$libinit$$00000014          0x0000038c   Section       12  libinit2.o(.ARM.Collect$$libinit$$00000014)
    .ARM.Collect$$libinit$$00000015          0x00000398   Section        0  libinit2.o(.ARM.Collect$$libinit$$00000015)
    .ARM.Collect$$libinit$$00000017          0x00000398   Section        0  libinit2.o(.ARM.Collect$$libinit$$00000017)
    .ARM.Collect$$libinit$$00000018          0x00000398   Section       10  libinit2.o(.ARM.Collect$$libinit$$00000018)
    .ARM.Collect$$libinit$$00000019          0x000003a2   Section        0  libinit2.o(.ARM.Collect$$libinit$$00000019)
    .ARM.Collect$$libinit$$0000001B          0x000003a2   Section        0  libinit2.o(.ARM.Collect$$libinit$$0000001B)
    .ARM.Collect$$libinit$$0000001D          0x000003a2   Section        0  libinit2.o(.ARM.Collect$$libinit$$0000001D)
    .ARM.Collect$$libinit$$0000001F          0x000003a2   Section        0  libinit2.o(.ARM.Collect$$libinit$$0000001F)
    .ARM.Collect$$libinit$$00000021          0x000003a2   Section        0  libinit2.o(.ARM.Collect$$libinit$$00000021)
    .ARM.Collect$$libinit$$00000023          0x000003a2   Section        0  libinit2.o(.ARM.Collect$$libinit$$00000023)
    .ARM.Collect$$libinit$$00000025          0x000003a2   Section        0  libinit2.o(.ARM.Collect$$libinit$$00000025)
    .ARM.Collect$$libinit$$00000027          0x000003a2   Section        0  libinit2.o(.ARM.Collect$$libinit$$00000027)
    .ARM.Collect$$libinit$$0000002E          0x000003a2   Section        0  libinit2.o(.ARM.Collect$$libinit$$0000002E)
    .ARM.Collect$$libinit$$00000030          0x000003a2   Section        0  libinit2.o(.ARM.Collect$$libinit$$00000030)
    .ARM.Collect$$libinit$$00000032          0x000003a2   Section        0  libinit2.o(.ARM.Collect$$libinit$$00000032)
    .ARM.Collect$$libinit$$00000034          0x000003a2   Section        0  libinit2.o(.ARM.Collect$$libinit$$00000034)
    .ARM.Collect$$libinit$$00000035          0x000003a2   Section        2  libinit2.o(.ARM.Collect$$libinit$$00000035)
    .ARM.Collect$$libshutdown$$00000000      0x000003a4   Section        2  libshutdown.o(.ARM.Collect$$libshutdown$$00000000)
    .ARM.Collect$$libshutdown$$00000002      0x000003a6   Section        0  libshutdown2.o(.ARM.Collect$$libshutdown$$00000002)
    .ARM.Collect$$libshutdown$$00000004      0x000003a6   Section        0  libshutdown2.o(.ARM.Collect$$libshutdown$$00000004)
    .ARM.Collect$$libshutdown$$00000007      0x000003a6   Section        0  libshutdown2.o(.ARM.Collect$$libshutdown$$00000007)
    .ARM.Collect$$libshutdown$$0000000A      0x000003a6   Section        0  libshutdown2.o(.ARM.Collect$$libshutdown$$0000000A)
    .ARM.Collect$$libshutdown$$0000000C      0x000003a6   Section        0  libshutdown2.o(.ARM.Collect$$libshutdown$$0000000C)
    .ARM.Collect$$libshutdown$$0000000F      0x000003a6   Section        0  libshutdown2.o(.ARM.Collect$$libshutdown$$0000000F)
    .ARM.Collect$$libshutdown$$00000010      0x000003a6   Section        2  libshutdown2.o(.ARM.Collect$$libshutdown$$00000010)
    .ARM.Collect$$rtentry$$00000000          0x000003a8   Section        0  __rtentry.o(.ARM.Collect$$rtentry$$00000000)
    .ARM.Collect$$rtentry$$00000002          0x000003a8   Section        0  __rtentry2.o(.ARM.Collect$$rtentry$$00000002)
    .ARM.Collect$$rtentry$$00000004          0x000003a8   Section        6  __rtentry4.o(.ARM.Collect$$rtentry$$00000004)
    .ARM.Collect$$rtentry$$00000009          0x000003ae   Section        0  __rtentry2.o(.ARM.Collect$$rtentry$$00000009)
    .ARM.Collect$$rtentry$$0000000A          0x000003ae   Section        4  __rtentry2.o(.ARM.Collect$$rtentry$$0000000A)
    .ARM.Collect$$rtentry$$0000000C          0x000003b2   Section        0  __rtentry2.o(.ARM.Collect$$rtentry$$0000000C)
    .ARM.Collect$$rtentry$$0000000D          0x000003b2   Section        8  __rtentry2.o(.ARM.Collect$$rtentry$$0000000D)
    .ARM.Collect$$rtexit$$00000000           0x000003ba   Section        2  rtexit.o(.ARM.Collect$$rtexit$$00000000)
    .ARM.Collect$$rtexit$$00000002           0x000003bc   Section        0  rtexit2.o(.ARM.Collect$$rtexit$$00000002)
    .ARM.Collect$$rtexit$$00000003           0x000003bc   Section        4  rtexit2.o(.ARM.Collect$$rtexit$$00000003)
    .ARM.Collect$$rtexit$$00000004           0x000003c0   Section        6  rtexit2.o(.ARM.Collect$$rtexit$$00000004)
    $v0                                      0x000003c8   Number         0  startup_tm4c123.o(.text)
    .text                                    0x000003c8   Section      276  startup_tm4c123.o(.text)
    .text                                    0x000004dc   Section        0  sprintf.o(.text)
    .text                                    0x00000508   Section        0  heapauxi.o(.text)
    .text                                    0x0000050e   Section        0  _printf_pad.o(.text)
    .text                                    0x0000055c   Section        0  _printf_truncate.o(.text)
    .text                                    0x00000580   Section        0  _printf_str.o(.text)
    .text                                    0x000005d4   Section        0  _printf_dec.o(.text)
    .text                                    0x0000064c   Section        0  _printf_charcount.o(.text)
    _printf_input_char                       0x00000675   Thumb Code    10  _printf_char_common.o(.text)
    .text                                    0x00000674   Section        0  _printf_char_common.o(.text)
    .text                                    0x000006a4   Section        0  _sputc.o(.text)
    .text                                    0x000006b0   Section        0  _printf_wctomb.o(.text)
    .text                                    0x0000076c   Section        0  _printf_longlong_dec.o(.text)
    _printf_longlong_oct_internal            0x000007e9   Thumb Code     0  _printf_oct_int_ll.o(.text)
    .text                                    0x000007e8   Section        0  _printf_oct_int_ll.o(.text)
    _printf_hex_common                       0x00000859   Thumb Code     0  _printf_hex_int_ll_ptr.o(.text)
    .text                                    0x00000858   Section        0  _printf_hex_int_ll_ptr.o(.text)
    .text                                    0x000008ec   Section        0  __printf_flags_ss_wp.o(.text)
    .text                                    0x00000a74   Section      138  lludiv10.o(.text)
    .text                                    0x00000afe   Section        0  _printf_intcommon.o(.text)
    _fp_digits                               0x00000bb1   Thumb Code   432  _printf_fp_dec.o(.text)
    .text                                    0x00000bb0   Section        0  _printf_fp_dec.o(.text)
    .text                                    0x00000fcc   Section        0  _printf_fp_hex.o(.text)
    .text                                    0x000012c8   Section        0  _printf_char.o(.text)
    .text                                    0x000012f4   Section        0  _printf_wchar.o(.text)
    .text                                    0x00001320   Section        0  _c16rtomb.o(.text)
    .text                                    0x00001368   Section       74  sys_stackheap_outer.o(.text)
    .text                                    0x000013b4   Section       16  rt_ctype_table.o(.text)
    .text                                    0x000013c4   Section        8  rt_locale_intlibspace.o(.text)
    .text                                    0x000013cc   Section        0  _printf_fp_infnan.o(.text)
    .text                                    0x0000144c   Section        0  bigflt0.o(.text)
    .text                                    0x00001530   Section        0  exit.o(.text)
    .text                                    0x00001544   Section        8  libspace.o(.text)
    .text                                    0x00001550   Section      124  strcmpv7em.o(.text)
    .text                                    0x000015cc   Section        0  sys_exit.o(.text)
    .text                                    0x000015d8   Section        2  use_no_semi.o(.text)
    .text                                    0x000015da   Section        0  indicate_semi.o(.text)
    [Anonymous Symbol]                       0x000015dc   Section        0  main.o(.text.ADC_Enable)
    [Anonymous Symbol]                       0x000016d0   Section        0  main.o(.text.GPIOE_Handler)
    [Anonymous Symbol]                       0x0000175c   Section        0  main.o(.text.LCD4bits_Cmd)
    [Anonymous Symbol]                       0x000017a0   Section        0  main.o(.text.LCD4bits_Data)
    [Anonymous Symbol]                       0x000017d0   Section        0  main.o(.text.LCD4bits_Init)
    [Anonymous Symbol]                       0x00001818   Section        0  main.o(.text.LCD_Write4bits)
    [Anonymous Symbol]                       0x00001874   Section        0  main.o(.text.LCD_WriteString)
    [Anonymous Symbol]                       0x000018a0   Section        0  main.o(.text.PA0_1_as_UART_Tx_Rx_Init)
    [Anonymous Symbol]                       0x00001934   Section        0  main.o(.text.PE0_External_Interrupt_Input_Init)
    [Anonymous Symbol]                       0x00001a14   Section        0  main.o(.text.PF2_as_M1PWM6_Init)
    [Anonymous Symbol]                       0x00001aa0   Section        0  main.o(.text.PLL_Init)
    [Anonymous Symbol]                       0x00001b1c   Section        0  main.o(.text.PWM_Module1_Channel6_Init)
    [Anonymous Symbol]                       0x00001bbc   Section        0  system_tm4c123.o(.text.SystemInit)
    [Anonymous Symbol]                       0x00001cc8   Section        0  main.o(.text.UART0_SendString)
    [Anonymous Symbol]                       0x00001d08   Section        0  main.o(.text.UART0_Tx_RX_Init)
    [Anonymous Symbol]                       0x00001d98   Section        0  main.o(.text.delay)
    [Anonymous Symbol]                       0x00001dbc   Section        0  main.o(.text.delayMs)
    [Anonymous Symbol]                       0x00001dfc   Section        0  main.o(.text.delayUs)
    [Anonymous Symbol]                       0x00001e38   Section        0  main.o(.text.floatToString)
    [Anonymous Symbol]                       0x00001f9c   Section        0  main.o(.text.intToString)
    [Anonymous Symbol]                       0x00002068   Section        0  main.o(.text.main)
    CL$$btod_d2e                             0x00002304   Section       62  btod.o(CL$$btod_d2e)
    CL$$btod_d2e_denorm_low                  0x00002342   Section       70  btod.o(CL$$btod_d2e_denorm_low)
    CL$$btod_d2e_norm_op1                    0x00002388   Section       96  btod.o(CL$$btod_d2e_norm_op1)
    CL$$btod_div_common                      0x000023e8   Section      824  btod.o(CL$$btod_div_common)
    CL$$btod_e2e                             0x00002720   Section      220  btod.o(CL$$btod_e2e)
    CL$$btod_ediv                            0x000027fc   Section       42  btod.o(CL$$btod_ediv)
    CL$$btod_emul                            0x00002826   Section       42  btod.o(CL$$btod_emul)
    CL$$btod_mult_common                     0x00002850   Section      580  btod.o(CL$$btod_mult_common)
    i.__ARM_fpclassify                       0x00002a94   Section        0  fpclassify.o(i.__ARM_fpclassify)
    i._is_digit                              0x00002ac4   Section        0  __printf_wp.o(i._is_digit)
    locale$$code                             0x00002ad4   Section       44  lc_numeric_c.o(locale$$code)
    locale$$code                             0x00002b00   Section       44  lc_ctype_c.o(locale$$code)
    $v0                                      0x00002b2c   Number         0  d2f.o(x$fpl$d2f)
    x$fpl$d2f                                0x00002b2c   Section       98  d2f.o(x$fpl$d2f)
    $v0                                      0x00002b90   Number         0  daddsub_clz.o(x$fpl$dadd)
    x$fpl$dadd                               0x00002b90   Section      336  daddsub_clz.o(x$fpl$dadd)
    _dadd1                                   0x00002ba1   Thumb Code     0  daddsub_clz.o(x$fpl$dadd)
    $v0                                      0x00002ce0   Number         0  ddiv.o(x$fpl$ddiv)
    x$fpl$ddiv                               0x00002ce0   Section      692  ddiv.o(x$fpl$ddiv)
    ddiv_entry                               0x00002ce7   Thumb Code     0  ddiv.o(x$fpl$ddiv)
    $v0                                      0x00002f94   Number         0  dmul.o(x$fpl$dmul)
    x$fpl$dmul                               0x00002f94   Section      340  dmul.o(x$fpl$dmul)
    $v0                                      0x000030e8   Number         0  dnaninf.o(x$fpl$dnaninf)
    x$fpl$dnaninf                            0x000030e8   Section      156  dnaninf.o(x$fpl$dnaninf)
    $v0                                      0x00003184   Number         0  dretinf.o(x$fpl$dretinf)
    x$fpl$dretinf                            0x00003184   Section       12  dretinf.o(x$fpl$dretinf)
    $v0                                      0x00003190   Number         0  daddsub_clz.o(x$fpl$dsub)
    x$fpl$dsub                               0x00003190   Section      476  daddsub_clz.o(x$fpl$dsub)
    _dsub1                                   0x000031a1   Thumb Code     0  daddsub_clz.o(x$fpl$dsub)
    $v0                                      0x0000336c   Number         0  f2d.o(x$fpl$f2d)
    x$fpl$f2d                                0x0000336c   Section       86  f2d.o(x$fpl$f2d)
    $v0                                      0x000033c2   Number         0  fnaninf.o(x$fpl$fnaninf)
    x$fpl$fnaninf                            0x000033c2   Section      140  fnaninf.o(x$fpl$fnaninf)
    $v0                                      0x0000344e   Number         0  fpinit.o(x$fpl$fpinit)
    x$fpl$fpinit                             0x0000344e   Section       26  fpinit.o(x$fpl$fpinit)
    $v0                                      0x00003468   Number         0  fretinf.o(x$fpl$fretinf)
    x$fpl$fretinf                            0x00003468   Section       10  fretinf.o(x$fpl$fretinf)
    $v0                                      0x00003472   Number         0  printf1.o(x$fpl$printf1)
    x$fpl$printf1                            0x00003472   Section        4  printf1.o(x$fpl$printf1)
    $v0                                      0x00003476   Number         0  printf2.o(x$fpl$printf2)
    x$fpl$printf2                            0x00003476   Section        4  printf2.o(x$fpl$printf2)
    x$fpl$usenofp                            0x0000347a   Section        0  usenofp.o(x$fpl$usenofp)
    initial_mbstate                          0x0000347c   Data           8  _printf_wctomb.o(.constdata)
    .constdata                               0x0000347c   Section        8  _printf_wctomb.o(.constdata)
    uc_hextab                                0x00003484   Data          20  _printf_hex_int_ll_ptr.o(.constdata)
    .constdata                               0x00003484   Section       40  _printf_hex_int_ll_ptr.o(.constdata)
    lc_hextab                                0x00003498   Data          20  _printf_hex_int_ll_ptr.o(.constdata)
    maptable                                 0x000034ac   Data          17  __printf_flags_ss_wp.o(.constdata)
    .constdata                               0x000034ac   Section       17  __printf_flags_ss_wp.o(.constdata)
    lc_hextab                                0x000034bd   Data          19  _printf_fp_hex.o(.constdata)
    .constdata                               0x000034bd   Section       38  _printf_fp_hex.o(.constdata)
    uc_hextab                                0x000034d0   Data          19  _printf_fp_hex.o(.constdata)
    tenpwrs_x                                0x000034e4   Data          60  bigflt0.o(.constdata)
    .constdata                               0x000034e4   Section      148  bigflt0.o(.constdata)
    tenpwrs_i                                0x00003520   Data          64  bigflt0.o(.constdata)
    .L.str.2                                 0x00003578   Data          37  main.o(.rodata.str1.1)
    [Anonymous Symbol]                       0x00003578   Section        0  main.o(.rodata.str1.1)
    .L.str                                   0x0000359d   Data           6  main.o(.rodata.str1.1)
    .L.str.1                                 0x000035a3   Data          10  main.o(.rodata.str1.1)
    locale$$data                             0x000035c0   Section       28  lc_numeric_c.o(locale$$data)
    __lcnum_c_name                           0x000035c4   Data           2  lc_numeric_c.o(locale$$data)
    __lcnum_c_start                          0x000035cc   Data           0  lc_numeric_c.o(locale$$data)
    __lcnum_c_point                          0x000035d8   Data           0  lc_numeric_c.o(locale$$data)
    __lcnum_c_thousands                      0x000035da   Data           0  lc_numeric_c.o(locale$$data)
    __lcnum_c_grouping                       0x000035db   Data           0  lc_numeric_c.o(locale$$data)
    __lcnum_c_end                            0x000035dc   Data           0  lc_numeric_c.o(locale$$data)
    locale$$data                             0x000035dc   Section      272  lc_ctype_c.o(locale$$data)
    __lcctype_c_name                         0x000035e0   Data           2  lc_ctype_c.o(locale$$data)
    __lcctype_c_start                        0x000035e8   Data           0  lc_ctype_c.o(locale$$data)
    __lcctype_c_end                          0x000036ec   Data           0  lc_ctype_c.o(locale$$data)
    .bss                                     0x20000000   Section       96  libspace.o(.bss)
    Heap_Mem                                 0x200000b0   Data           0  startup_tm4c123.o(HEAP)
    Stack_Mem                                0x200000b0   Data         512  startup_tm4c123.o(STACK)
    HEAP                                     0x200000b0   Section        0  startup_tm4c123.o(HEAP)
    STACK                                    0x200000b0   Section      512  startup_tm4c123.o(STACK)
    __initial_sp                             0x200002b0   Data           0  startup_tm4c123.o(STACK)

    Global Symbols

    Symbol Name                              Value     Ov Type        Size  Object(Section)

    BuildAttributes$$THM_ISAv4$E$P$D$K$B$S$7EM$VFPi3$EXTD16$VFPS$VFMA$PE$A:L22UL41UL21$X:L11$S22US41US21$IEEE1$IW$~IW$USESV6$~STKCKD$USESV7$~SHL$OTIME$ROPI$IEEEJ$EBA8$UX$STANDARDLIB$REQ8$PRES8$EABIv2 0x00000000   Number         0  anon$$obj.o ABSOLUTE
    __Vectors                                0x00000000   Data           4  startup_tm4c123.o(RESET)
    _printf_flags                            0x00000000   Number         0  printf_stubs.o ABSOLUTE
    _printf_return_value                     0x00000000   Number         0  printf_stubs.o ABSOLUTE
    _printf_sizespec                         0x00000000   Number         0  printf_stubs.o ABSOLUTE
    _printf_widthprec                        0x00000000   Number         0  printf_stubs.o ABSOLUTE
    __ARM_exceptions_init                     - Undefined Weak Reference
    __alloca_initialize                       - Undefined Weak Reference
    __arm_preinit_                            - Undefined Weak Reference
    __arm_relocate_pie_                       - Undefined Weak Reference
    __cpp_initialize__aeabi_                  - Undefined Weak Reference
    __cxa_finalize                            - Undefined Weak Reference
    __sigvec_lookup                           - Undefined Weak Reference
    _atexit_init                              - Undefined Weak Reference
    _call_atexit_fns                          - Undefined Weak Reference
    _clock_init                               - Undefined Weak Reference
    _fp_trap_init                             - Undefined Weak Reference
    _fp_trap_shutdown                         - Undefined Weak Reference
    _get_lc_collate                           - Undefined Weak Reference
    _get_lc_monetary                          - Undefined Weak Reference
    _get_lc_time                              - Undefined Weak Reference
    _getenv_init                              - Undefined Weak Reference
    _handle_redirection                       - Undefined Weak Reference
    _init_alloc                               - Undefined Weak Reference
    _init_user_alloc                          - Undefined Weak Reference
    _initio                                   - Undefined Weak Reference
    _printf_mbtowc                            - Undefined Weak Reference
    _printf_wc                                - Undefined Weak Reference
    _rand_init                                - Undefined Weak Reference
    _signal_finish                            - Undefined Weak Reference
    _signal_init                              - Undefined Weak Reference
    _terminate_alloc                          - Undefined Weak Reference
    _terminate_user_alloc                     - Undefined Weak Reference
    _terminateio                              - Undefined Weak Reference
    __Vectors_End                            0x0000026c   Data           0  startup_tm4c123.o(RESET)
    __Vectors_Size                           0x0000026c   Number         0  startup_tm4c123.o ABSOLUTE
    __main                                   0x0000026d   Thumb Code     8  __main.o(!!!main)
    __scatterload                            0x00000275   Thumb Code     0  __scatter.o(!!!scatter)
    __scatterload_rt2                        0x00000275   Thumb Code    84  __scatter.o(!!!scatter)
    __scatterload_rt2_thumb_only             0x00000275   Thumb Code     0  __scatter.o(!!!scatter)
    __scatterload_loop                       0x0000027f   Thumb Code     0  __scatter.o(!!!scatter)
    __scatterload_null                       0x000002d1   Thumb Code     2  __scatter.o(!!handler_null)
    __scatterload_zeroinit                   0x000002d5   Thumb Code    28  __scatter_zi.o(!!handler_zi)
    _printf_n                                0x000002f1   Thumb Code     0  _printf_n.o(.ARM.Collect$$_printf_percent$$00000001)
    _printf_percent                          0x000002f1   Thumb Code     0  _printf_percent.o(.ARM.Collect$$_printf_percent$$00000000)
    _printf_p                                0x000002f7   Thumb Code     0  _printf_p.o(.ARM.Collect$$_printf_percent$$00000002)
    _printf_f                                0x000002fd   Thumb Code     0  _printf_f.o(.ARM.Collect$$_printf_percent$$00000003)
    _printf_e                                0x00000303   Thumb Code     0  _printf_e.o(.ARM.Collect$$_printf_percent$$00000004)
    _printf_g                                0x00000309   Thumb Code     0  _printf_g.o(.ARM.Collect$$_printf_percent$$00000005)
    _printf_a                                0x0000030f   Thumb Code     0  _printf_a.o(.ARM.Collect$$_printf_percent$$00000006)
    _printf_ll                               0x00000315   Thumb Code     0  _printf_ll.o(.ARM.Collect$$_printf_percent$$00000007)
    _printf_i                                0x0000031f   Thumb Code     0  _printf_i.o(.ARM.Collect$$_printf_percent$$00000008)
    _printf_d                                0x00000325   Thumb Code     0  _printf_d.o(.ARM.Collect$$_printf_percent$$00000009)
    _printf_u                                0x0000032b   Thumb Code     0  _printf_u.o(.ARM.Collect$$_printf_percent$$0000000A)
    _printf_o                                0x00000331   Thumb Code     0  _printf_o.o(.ARM.Collect$$_printf_percent$$0000000B)
    _printf_x                                0x00000337   Thumb Code     0  _printf_x.o(.ARM.Collect$$_printf_percent$$0000000C)
    _printf_lli                              0x0000033d   Thumb Code     0  _printf_lli.o(.ARM.Collect$$_printf_percent$$0000000D)
    _printf_lld                              0x00000343   Thumb Code     0  _printf_lld.o(.ARM.Collect$$_printf_percent$$0000000E)
    _printf_llu                              0x00000349   Thumb Code     0  _printf_llu.o(.ARM.Collect$$_printf_percent$$0000000F)
    _printf_llo                              0x0000034f   Thumb Code     0  _printf_llo.o(.ARM.Collect$$_printf_percent$$00000010)
    _printf_llx                              0x00000355   Thumb Code     0  _printf_llx.o(.ARM.Collect$$_printf_percent$$00000011)
    _printf_l                                0x0000035b   Thumb Code     0  _printf_l.o(.ARM.Collect$$_printf_percent$$00000012)
    _printf_c                                0x00000365   Thumb Code     0  _printf_c.o(.ARM.Collect$$_printf_percent$$00000013)
    _printf_s                                0x0000036b   Thumb Code     0  _printf_s.o(.ARM.Collect$$_printf_percent$$00000014)
    _printf_lc                               0x00000371   Thumb Code     0  _printf_lc.o(.ARM.Collect$$_printf_percent$$00000015)
    _printf_ls                               0x00000377   Thumb Code     0  _printf_ls.o(.ARM.Collect$$_printf_percent$$00000016)
    _printf_percent_end                      0x0000037d   Thumb Code     0  _printf_percent_end.o(.ARM.Collect$$_printf_percent$$00000017)
    __rt_lib_init                            0x00000381   Thumb Code     0  libinit.o(.ARM.Collect$$libinit$$00000000)
    __rt_lib_init_fp_1                       0x00000383   Thumb Code     0  libinit2.o(.ARM.Collect$$libinit$$00000001)
    __rt_lib_init_heap_1                     0x00000387   Thumb Code     0  libinit2.o(.ARM.Collect$$libinit$$0000000C)
    __rt_lib_init_lc_common                  0x00000387   Thumb Code     0  libinit2.o(.ARM.Collect$$libinit$$00000011)
    __rt_lib_init_preinit_1                  0x00000387   Thumb Code     0  libinit2.o(.ARM.Collect$$libinit$$00000006)
    __rt_lib_init_rand_1                     0x00000387   Thumb Code     0  libinit2.o(.ARM.Collect$$libinit$$00000010)
    __rt_lib_init_relocate_pie_1             0x00000387   Thumb Code     0  libinit2.o(.ARM.Collect$$libinit$$00000004)
    __rt_lib_init_user_alloc_1               0x00000387   Thumb Code     0  libinit2.o(.ARM.Collect$$libinit$$0000000E)
    __rt_lib_init_lc_collate_1               0x0000038d   Thumb Code     0  libinit2.o(.ARM.Collect$$libinit$$00000013)
    __rt_lib_init_lc_ctype_2                 0x0000038d   Thumb Code     0  libinit2.o(.ARM.Collect$$libinit$$00000014)
    __rt_lib_init_lc_ctype_1                 0x00000399   Thumb Code     0  libinit2.o(.ARM.Collect$$libinit$$00000015)
    __rt_lib_init_lc_monetary_1              0x00000399   Thumb Code     0  libinit2.o(.ARM.Collect$$libinit$$00000017)
    __rt_lib_init_lc_numeric_2               0x00000399   Thumb Code     0  libinit2.o(.ARM.Collect$$libinit$$00000018)
    __rt_lib_init_alloca_1                   0x000003a3   Thumb Code     0  libinit2.o(.ARM.Collect$$libinit$$00000030)
    __rt_lib_init_argv_1                     0x000003a3   Thumb Code     0  libinit2.o(.ARM.Collect$$libinit$$0000002E)
    __rt_lib_init_atexit_1                   0x000003a3   Thumb Code     0  libinit2.o(.ARM.Collect$$libinit$$0000001D)
    __rt_lib_init_clock_1                    0x000003a3   Thumb Code     0  libinit2.o(.ARM.Collect$$libinit$$00000023)
    __rt_lib_init_cpp_1                      0x000003a3   Thumb Code     0  libinit2.o(.ARM.Collect$$libinit$$00000034)
    __rt_lib_init_exceptions_1               0x000003a3   Thumb Code     0  libinit2.o(.ARM.Collect$$libinit$$00000032)
    __rt_lib_init_fp_trap_1                  0x000003a3   Thumb Code     0  libinit2.o(.ARM.Collect$$libinit$$00000021)
    __rt_lib_init_getenv_1                   0x000003a3   Thumb Code     0  libinit2.o(.ARM.Collect$$libinit$$00000025)
    __rt_lib_init_lc_numeric_1               0x000003a3   Thumb Code     0  libinit2.o(.ARM.Collect$$libinit$$00000019)
    __rt_lib_init_lc_time_1                  0x000003a3   Thumb Code     0  libinit2.o(.ARM.Collect$$libinit$$0000001B)
    __rt_lib_init_return                     0x000003a3   Thumb Code     0  libinit2.o(.ARM.Collect$$libinit$$00000035)
    __rt_lib_init_signal_1                   0x000003a3   Thumb Code     0  libinit2.o(.ARM.Collect$$libinit$$0000001F)
    __rt_lib_init_stdio_1                    0x000003a3   Thumb Code     0  libinit2.o(.ARM.Collect$$libinit$$00000027)
    __rt_lib_shutdown                        0x000003a5   Thumb Code     0  libshutdown.o(.ARM.Collect$$libshutdown$$00000000)
    __rt_lib_shutdown_cpp_1                  0x000003a7   Thumb Code     0  libshutdown2.o(.ARM.Collect$$libshutdown$$00000002)
    __rt_lib_shutdown_fp_trap_1              0x000003a7   Thumb Code     0  libshutdown2.o(.ARM.Collect$$libshutdown$$00000007)
    __rt_lib_shutdown_heap_1                 0x000003a7   Thumb Code     0  libshutdown2.o(.ARM.Collect$$libshutdown$$0000000F)
    __rt_lib_shutdown_return                 0x000003a7   Thumb Code     0  libshutdown2.o(.ARM.Collect$$libshutdown$$00000010)
    __rt_lib_shutdown_signal_1               0x000003a7   Thumb Code     0  libshutdown2.o(.ARM.Collect$$libshutdown$$0000000A)
    __rt_lib_shutdown_stdio_1                0x000003a7   Thumb Code     0  libshutdown2.o(.ARM.Collect$$libshutdown$$00000004)
    __rt_lib_shutdown_user_alloc_1           0x000003a7   Thumb Code     0  libshutdown2.o(.ARM.Collect$$libshutdown$$0000000C)
    __rt_entry                               0x000003a9   Thumb Code     0  __rtentry.o(.ARM.Collect$$rtentry$$00000000)
    __rt_entry_presh_1                       0x000003a9   Thumb Code     0  __rtentry2.o(.ARM.Collect$$rtentry$$00000002)
    __rt_entry_sh                            0x000003a9   Thumb Code     0  __rtentry4.o(.ARM.Collect$$rtentry$$00000004)
    __rt_entry_li                            0x000003af   Thumb Code     0  __rtentry2.o(.ARM.Collect$$rtentry$$0000000A)
    __rt_entry_postsh_1                      0x000003af   Thumb Code     0  __rtentry2.o(.ARM.Collect$$rtentry$$00000009)
    __rt_entry_main                          0x000003b3   Thumb Code     0  __rtentry2.o(.ARM.Collect$$rtentry$$0000000D)
    __rt_entry_postli_1                      0x000003b3   Thumb Code     0  __rtentry2.o(.ARM.Collect$$rtentry$$0000000C)
    __rt_exit                                0x000003bb   Thumb Code     0  rtexit.o(.ARM.Collect$$rtexit$$00000000)
    __rt_exit_ls                             0x000003bd   Thumb Code     0  rtexit2.o(.ARM.Collect$$rtexit$$00000003)
    __rt_exit_prels_1                        0x000003bd   Thumb Code     0  rtexit2.o(.ARM.Collect$$rtexit$$00000002)
    __rt_exit_exit                           0x000003c1   Thumb Code     0  rtexit2.o(.ARM.Collect$$rtexit$$00000004)
    Reset_Handler                            0x000003c9   Thumb Code     8  startup_tm4c123.o(.text)
    NMI_Handler                              0x000003d1   Thumb Code     2  startup_tm4c123.o(.text)
    HardFault_Handler                        0x000003d3   Thumb Code     2  startup_tm4c123.o(.text)
    MemManage_Handler                        0x000003d5   Thumb Code     2  startup_tm4c123.o(.text)
    BusFault_Handler                         0x000003d7   Thumb Code     2  startup_tm4c123.o(.text)
    UsageFault_Handler                       0x000003d9   Thumb Code     2  startup_tm4c123.o(.text)
    SVC_Handler                              0x000003db   Thumb Code     2  startup_tm4c123.o(.text)
    DebugMon_Handler                         0x000003dd   Thumb Code     2  startup_tm4c123.o(.text)
    PendSV_Handler                           0x000003df   Thumb Code     2  startup_tm4c123.o(.text)
    SysTick_Handler                          0x000003e1   Thumb Code     2  startup_tm4c123.o(.text)
    GPIOA_Handler                            0x000003e3   Thumb Code     2  startup_tm4c123.o(.text)
    GPIOB_Handler                            0x000003e5   Thumb Code     2  startup_tm4c123.o(.text)
    GPIOC_Handler                            0x000003e7   Thumb Code     2  startup_tm4c123.o(.text)
    GPIOD_Handler                            0x000003e9   Thumb Code     2  startup_tm4c123.o(.text)
    UART0_Handler                            0x000003ed   Thumb Code     2  startup_tm4c123.o(.text)
    UART1_Handler                            0x000003ef   Thumb Code     2  startup_tm4c123.o(.text)
    SSI0_Handler                             0x000003f1   Thumb Code     2  startup_tm4c123.o(.text)
    I2C0_Handler                             0x000003f3   Thumb Code     2  startup_tm4c123.o(.text)
    PMW0_FAULT_Handler                       0x000003f5   Thumb Code     2  startup_tm4c123.o(.text)
    PWM0_0_Handler                           0x000003f7   Thumb Code     2  startup_tm4c123.o(.text)
    PWM0_1_Handler                           0x000003f9   Thumb Code     2  startup_tm4c123.o(.text)
    PWM0_2_Handler                           0x000003fb   Thumb Code     2  startup_tm4c123.o(.text)
    QEI0_Handler                             0x000003fd   Thumb Code     2  startup_tm4c123.o(.text)
    ADC0SS0_Handler                          0x000003ff   Thumb Code     2  startup_tm4c123.o(.text)
    ADC0SS1_Handler                          0x00000401   Thumb Code     2  startup_tm4c123.o(.text)
    ADC0SS2_Handler                          0x00000403   Thumb Code     2  startup_tm4c123.o(.text)
    ADC0SS3_Handler                          0x00000405   Thumb Code     2  startup_tm4c123.o(.text)
    WDT0_Handler                             0x00000407   Thumb Code     2  startup_tm4c123.o(.text)
    TIMER0A_Handler                          0x00000409   Thumb Code     2  startup_tm4c123.o(.text)
    TIMER0B_Handler                          0x0000040b   Thumb Code     2  startup_tm4c123.o(.text)
    TIMER1A_Handler                          0x0000040d   Thumb Code     2  startup_tm4c123.o(.text)
    TIMER1B_Handler                          0x0000040f   Thumb Code     2  startup_tm4c123.o(.text)
    TIMER2A_Handler                          0x00000411   Thumb Code     2  startup_tm4c123.o(.text)
    TIMER2B_Handler                          0x00000413   Thumb Code     2  startup_tm4c123.o(.text)
    COMP0_Handler                            0x00000415   Thumb Code     2  startup_tm4c123.o(.text)
    COMP1_Handler                            0x00000417   Thumb Code     2  startup_tm4c123.o(.text)
    COMP2_Handler                            0x00000419   Thumb Code     2  startup_tm4c123.o(.text)
    SYSCTL_Handler                           0x0000041b   Thumb Code     2  startup_tm4c123.o(.text)
    FLASH_Handler                            0x0000041d   Thumb Code     2  startup_tm4c123.o(.text)
    GPIOF_Handler                            0x0000041f   Thumb Code     2  startup_tm4c123.o(.text)
    GPIOG_Handler                            0x00000421   Thumb Code     2  startup_tm4c123.o(.text)
    GPIOH_Handler                            0x00000423   Thumb Code     2  startup_tm4c123.o(.text)
    UART2_Handler                            0x00000425   Thumb Code     2  startup_tm4c123.o(.text)
    SSI1_Handler                             0x00000427   Thumb Code     2  startup_tm4c123.o(.text)
    TIMER3A_Handler                          0x00000429   Thumb Code     2  startup_tm4c123.o(.text)
    TIMER3B_Handler                          0x0000042b   Thumb Code     2  startup_tm4c123.o(.text)
    I2C1_Handler                             0x0000042d   Thumb Code     2  startup_tm4c123.o(.text)
    QEI1_Handler                             0x0000042f   Thumb Code     2  startup_tm4c123.o(.text)
    CAN0_Handler                             0x00000431   Thumb Code     2  startup_tm4c123.o(.text)
    CAN1_Handler                             0x00000433   Thumb Code     2  startup_tm4c123.o(.text)
    CAN2_Handler                             0x00000435   Thumb Code     2  startup_tm4c123.o(.text)
    HIB_Handler                              0x00000437   Thumb Code     2  startup_tm4c123.o(.text)
    USB0_Handler                             0x00000439   Thumb Code     2  startup_tm4c123.o(.text)
    PWM0_3_Handler                           0x0000043b   Thumb Code     2  startup_tm4c123.o(.text)
    UDMA_Handler                             0x0000043d   Thumb Code     2  startup_tm4c123.o(.text)
    UDMAERR_Handler                          0x0000043f   Thumb Code     2  startup_tm4c123.o(.text)
    ADC1SS0_Handler                          0x00000441   Thumb Code     2  startup_tm4c123.o(.text)
    ADC1SS1_Handler                          0x00000443   Thumb Code     2  startup_tm4c123.o(.text)
    ADC1SS2_Handler                          0x00000445   Thumb Code     2  startup_tm4c123.o(.text)
    ADC1SS3_Handler                          0x00000447   Thumb Code     2  startup_tm4c123.o(.text)
    GPIOJ_Handler                            0x00000449   Thumb Code     2  startup_tm4c123.o(.text)
    GPIOK_Handler                            0x0000044b   Thumb Code     2  startup_tm4c123.o(.text)
    GPIOL_Handler                            0x0000044d   Thumb Code     2  startup_tm4c123.o(.text)
    SSI2_Handler                             0x0000044f   Thumb Code     2  startup_tm4c123.o(.text)
    SSI3_Handler                             0x00000451   Thumb Code     2  startup_tm4c123.o(.text)
    UART3_Handler                            0x00000453   Thumb Code     2  startup_tm4c123.o(.text)
    UART4_Handler                            0x00000455   Thumb Code     2  startup_tm4c123.o(.text)
    UART5_Handler                            0x00000457   Thumb Code     2  startup_tm4c123.o(.text)
    UART6_Handler                            0x00000459   Thumb Code     2  startup_tm4c123.o(.text)
    UART7_Handler                            0x0000045b   Thumb Code     2  startup_tm4c123.o(.text)
    I2C2_Handler                             0x0000045d   Thumb Code     2  startup_tm4c123.o(.text)
    I2C3_Handler                             0x0000045f   Thumb Code     2  startup_tm4c123.o(.text)
    TIMER4A_Handler                          0x00000461   Thumb Code     2  startup_tm4c123.o(.text)
    TIMER4B_Handler                          0x00000463   Thumb Code     2  startup_tm4c123.o(.text)
    TIMER5A_Handler                          0x00000465   Thumb Code     2  startup_tm4c123.o(.text)
    TIMER5B_Handler                          0x00000467   Thumb Code     2  startup_tm4c123.o(.text)
    WTIMER0A_Handler                         0x00000469   Thumb Code     2  startup_tm4c123.o(.text)
    WTIMER0B_Handler                         0x0000046b   Thumb Code     2  startup_tm4c123.o(.text)
    WTIMER1A_Handler                         0x0000046d   Thumb Code     2  startup_tm4c123.o(.text)
    WTIMER1B_Handler                         0x0000046f   Thumb Code     2  startup_tm4c123.o(.text)
    WTIMER2A_Handler                         0x00000471   Thumb Code     2  startup_tm4c123.o(.text)
    WTIMER2B_Handler                         0x00000473   Thumb Code     2  startup_tm4c123.o(.text)
    WTIMER3A_Handler                         0x00000475   Thumb Code     2  startup_tm4c123.o(.text)
    WTIMER3B_Handler                         0x00000477   Thumb Code     2  startup_tm4c123.o(.text)
    WTIMER4A_Handler                         0x00000479   Thumb Code     2  startup_tm4c123.o(.text)
    WTIMER4B_Handler                         0x0000047b   Thumb Code     2  startup_tm4c123.o(.text)
    WTIMER5A_Handler                         0x0000047d   Thumb Code     2  startup_tm4c123.o(.text)
    WTIMER5B_Handler                         0x0000047f   Thumb Code     2  startup_tm4c123.o(.text)
    FPU_Handler                              0x00000481   Thumb Code     2  startup_tm4c123.o(.text)
    I2C4_Handler                             0x00000483   Thumb Code     2  startup_tm4c123.o(.text)
    I2C5_Handler                             0x00000485   Thumb Code     2  startup_tm4c123.o(.text)
    GPIOM_Handler                            0x00000487   Thumb Code     2  startup_tm4c123.o(.text)
    GPION_Handler                            0x00000489   Thumb Code     2  startup_tm4c123.o(.text)
    QEI2_Handler                             0x0000048b   Thumb Code     2  startup_tm4c123.o(.text)
    GPIOP0_Handler                           0x0000048d   Thumb Code     2  startup_tm4c123.o(.text)
    GPIOP1_Handler                           0x0000048f   Thumb Code     2  startup_tm4c123.o(.text)
    GPIOP2_Handler                           0x00000491   Thumb Code     2  startup_tm4c123.o(.text)
    GPIOP3_Handler                           0x00000493   Thumb Code     2  startup_tm4c123.o(.text)
    GPIOP4_Handler                           0x00000495   Thumb Code     2  startup_tm4c123.o(.text)
    GPIOP5_Handler                           0x00000497   Thumb Code     2  startup_tm4c123.o(.text)
    GPIOP6_Handler                           0x00000499   Thumb Code     2  startup_tm4c123.o(.text)
    GPIOP7_Handler                           0x0000049b   Thumb Code     2  startup_tm4c123.o(.text)
    GPIOQ0_Handler                           0x0000049d   Thumb Code     2  startup_tm4c123.o(.text)
    GPIOQ1_Handler                           0x0000049f   Thumb Code     2  startup_tm4c123.o(.text)
    GPIOQ2_Handler                           0x000004a1   Thumb Code     2  startup_tm4c123.o(.text)
    GPIOQ3_Handler                           0x000004a3   Thumb Code     2  startup_tm4c123.o(.text)
    GPIOQ4_Handler                           0x000004a5   Thumb Code     2  startup_tm4c123.o(.text)
    GPIOQ5_Handler                           0x000004a7   Thumb Code     2  startup_tm4c123.o(.text)
    GPIOQ6_Handler                           0x000004a9   Thumb Code     2  startup_tm4c123.o(.text)
    GPIOQ7_Handler                           0x000004ab   Thumb Code     2  startup_tm4c123.o(.text)
    GPIOR_Handler                            0x000004ad   Thumb Code     2  startup_tm4c123.o(.text)
    GPIOS_Handler                            0x000004af   Thumb Code     2  startup_tm4c123.o(.text)
    PMW1_0_Handler                           0x000004b1   Thumb Code     2  startup_tm4c123.o(.text)
    PWM1_1_Handler                           0x000004b3   Thumb Code     2  startup_tm4c123.o(.text)
    PWM1_2_Handler                           0x000004b5   Thumb Code     2  startup_tm4c123.o(.text)
    PWM1_3_Handler                           0x000004b7   Thumb Code     2  startup_tm4c123.o(.text)
    PWM1_FAULT_Handler                       0x000004b9   Thumb Code     2  startup_tm4c123.o(.text)
    __user_initial_stackheap                 0x000004bd   Thumb Code     0  startup_tm4c123.o(.text)
    sprintf                                  0x000004dd   Thumb Code    38  sprintf.o(.text)
    __use_two_region_memory                  0x00000509   Thumb Code     2  heapauxi.o(.text)
    __rt_heap_escrow$2region                 0x0000050b   Thumb Code     2  heapauxi.o(.text)
    __rt_heap_expand$2region                 0x0000050d   Thumb Code     2  heapauxi.o(.text)
    _printf_pre_padding                      0x0000050f   Thumb Code    44  _printf_pad.o(.text)
    _printf_post_padding                     0x0000053b   Thumb Code    34  _printf_pad.o(.text)
    _printf_truncate_signed                  0x0000055d   Thumb Code    18  _printf_truncate.o(.text)
    _printf_truncate_unsigned                0x0000056f   Thumb Code    18  _printf_truncate.o(.text)
    _printf_str                              0x00000581   Thumb Code    82  _printf_str.o(.text)
    _printf_int_dec                          0x000005d5   Thumb Code   104  _printf_dec.o(.text)
    _printf_charcount                        0x0000064d   Thumb Code    40  _printf_charcount.o(.text)
    _printf_char_common                      0x0000067f   Thumb Code    32  _printf_char_common.o(.text)
    _sputc                                   0x000006a5   Thumb Code    10  _sputc.o(.text)
    _printf_wctomb                           0x000006b1   Thumb Code   182  _printf_wctomb.o(.text)
    _printf_longlong_dec                     0x0000076d   Thumb Code   108  _printf_longlong_dec.o(.text)
    _printf_longlong_oct                     0x000007e9   Thumb Code    68  _printf_oct_int_ll.o(.text)
    _printf_int_oct                          0x0000082d   Thumb Code    24  _printf_oct_int_ll.o(.text)
    _printf_ll_oct                           0x00000845   Thumb Code    12  _printf_oct_int_ll.o(.text)
    _printf_longlong_hex                     0x00000859   Thumb Code    86  _printf_hex_int_ll_ptr.o(.text)
    _printf_int_hex                          0x000008af   Thumb Code    28  _printf_hex_int_ll_ptr.o(.text)
    _printf_ll_hex                           0x000008cb   Thumb Code    12  _printf_hex_int_ll_ptr.o(.text)
    _printf_hex_ptr                          0x000008d7   Thumb Code    18  _printf_hex_int_ll_ptr.o(.text)
    __printf                                 0x000008ed   Thumb Code   388  __printf_flags_ss_wp.o(.text)
    _ll_udiv10                               0x00000a75   Thumb Code   138  lludiv10.o(.text)
    _printf_int_common                       0x00000aff   Thumb Code   178  _printf_intcommon.o(.text)
    _printf_fp_dec_real                      0x00000d61   Thumb Code   620  _printf_fp_dec.o(.text)
    _printf_fp_hex_real                      0x00000fcd   Thumb Code   756  _printf_fp_hex.o(.text)
    _printf_cs_common                        0x000012c9   Thumb Code    20  _printf_char.o(.text)
    _printf_char                             0x000012dd   Thumb Code    16  _printf_char.o(.text)
    _printf_string                           0x000012ed   Thumb Code     8  _printf_char.o(.text)
    _printf_lcs_common                       0x000012f5   Thumb Code    20  _printf_wchar.o(.text)
    _printf_wchar                            0x00001309   Thumb Code    16  _printf_wchar.o(.text)
    _printf_wstring                          0x00001319   Thumb Code     8  _printf_wchar.o(.text)
    _c16rtomb                                0x00001321   Thumb Code    72  _c16rtomb.o(.text)
    _wcrtomb                                 0x00001321   Thumb Code     0  _c16rtomb.o(.text)
    __user_setup_stackheap                   0x00001369   Thumb Code    74  sys_stackheap_outer.o(.text)
    __rt_ctype_table                         0x000013b5   Thumb Code    16  rt_ctype_table.o(.text)
    __rt_locale                              0x000013c5   Thumb Code     8  rt_locale_intlibspace.o(.text)
    _printf_fp_infnan                        0x000013cd   Thumb Code   112  _printf_fp_infnan.o(.text)
    _btod_etento                             0x0000144d   Thumb Code   224  bigflt0.o(.text)
    exit                                     0x00001531   Thumb Code    18  exit.o(.text)
    __user_libspace                          0x00001545   Thumb Code     8  libspace.o(.text)
    __user_perproc_libspace                  0x00001545   Thumb Code     0  libspace.o(.text)
    __user_perthread_libspace                0x00001545   Thumb Code     0  libspace.o(.text)
    strcmp                                   0x00001551   Thumb Code   124  strcmpv7em.o(.text)
    _sys_exit                                0x000015cd   Thumb Code     8  sys_exit.o(.text)
    __I$use$semihosting                      0x000015d9   Thumb Code     0  use_no_semi.o(.text)
    __use_no_semihosting_swi                 0x000015d9   Thumb Code     2  use_no_semi.o(.text)
    __semihosting_library_function           0x000015db   Thumb Code     0  indicate_semi.o(.text)
    ADC_Enable                               0x000015dd   Thumb Code   242  main.o(.text.ADC_Enable)
    GPIOE_Handler                            0x000016d1   Thumb Code   138  main.o(.text.GPIOE_Handler)
    LCD4bits_Cmd                             0x0000175d   Thumb Code    68  main.o(.text.LCD4bits_Cmd)
    LCD4bits_Data                            0x000017a1   Thumb Code    48  main.o(.text.LCD4bits_Data)
    LCD4bits_Init                            0x000017d1   Thumb Code    72  main.o(.text.LCD4bits_Init)
    LCD_Write4bits                           0x00001819   Thumb Code    90  main.o(.text.LCD_Write4bits)
    LCD_WriteString                          0x00001875   Thumb Code    44  main.o(.text.LCD_WriteString)
    PA0_1_as_UART_Tx_Rx_Init                 0x000018a1   Thumb Code   146  main.o(.text.PA0_1_as_UART_Tx_Rx_Init)
    PE0_External_Interrupt_Input_Init        0x00001935   Thumb Code   222  main.o(.text.PE0_External_Interrupt_Input_Init)
    PF2_as_M1PWM6_Init                       0x00001a15   Thumb Code   138  main.o(.text.PF2_as_M1PWM6_Init)
    PLL_Init                                 0x00001aa1   Thumb Code   122  main.o(.text.PLL_Init)
    PWM_Module1_Channel6_Init                0x00001b1d   Thumb Code   160  main.o(.text.PWM_Module1_Channel6_Init)
    SystemInit                               0x00001bbd   Thumb Code   268  system_tm4c123.o(.text.SystemInit)
    UART0_SendString                         0x00001cc9   Thumb Code    62  main.o(.text.UART0_SendString)
    UART0_Tx_RX_Init                         0x00001d09   Thumb Code   144  main.o(.text.UART0_Tx_RX_Init)
    delay                                    0x00001d99   Thumb Code    34  main.o(.text.delay)
    delayMs                                  0x00001dbd   Thumb Code    62  main.o(.text.delayMs)
    delayUs                                  0x00001dfd   Thumb Code    58  main.o(.text.delayUs)
    floatToString                            0x00001e39   Thumb Code   352  main.o(.text.floatToString)
    intToString                              0x00001f9d   Thumb Code   200  main.o(.text.intToString)
    main                                     0x00002069   Thumb Code   632  main.o(.text.main)
    _btod_d2e                                0x00002305   Thumb Code    62  btod.o(CL$$btod_d2e)
    _d2e_denorm_low                          0x00002343   Thumb Code    70  btod.o(CL$$btod_d2e_denorm_low)
    _d2e_norm_op1                            0x00002389   Thumb Code    96  btod.o(CL$$btod_d2e_norm_op1)
    __btod_div_common                        0x000023e9   Thumb Code   696  btod.o(CL$$btod_div_common)
    _e2e                                     0x00002721   Thumb Code   220  btod.o(CL$$btod_e2e)
    _btod_ediv                               0x000027fd   Thumb Code    42  btod.o(CL$$btod_ediv)
    _btod_emul                               0x00002827   Thumb Code    42  btod.o(CL$$btod_emul)
    __btod_mult_common                       0x00002851   Thumb Code   580  btod.o(CL$$btod_mult_common)
    __ARM_fpclassify                         0x00002a95   Thumb Code    48  fpclassify.o(i.__ARM_fpclassify)
    _is_digit                                0x00002ac5   Thumb Code    14  __printf_wp.o(i._is_digit)
    _get_lc_numeric                          0x00002ad5   Thumb Code    44  lc_numeric_c.o(locale$$code)
    _get_lc_ctype                            0x00002b01   Thumb Code    44  lc_ctype_c.o(locale$$code)
    __aeabi_d2f                              0x00002b2d   Thumb Code     0  d2f.o(x$fpl$d2f)
    _d2f                                     0x00002b2d   Thumb Code    98  d2f.o(x$fpl$d2f)
    __aeabi_dadd                             0x00002b91   Thumb Code     0  daddsub_clz.o(x$fpl$dadd)
    _dadd                                    0x00002b91   Thumb Code   332  daddsub_clz.o(x$fpl$dadd)
    __aeabi_ddiv                             0x00002ce1   Thumb Code     0  ddiv.o(x$fpl$ddiv)
    _ddiv                                    0x00002ce1   Thumb Code   556  ddiv.o(x$fpl$ddiv)
    __aeabi_dmul                             0x00002f95   Thumb Code     0  dmul.o(x$fpl$dmul)
    _dmul                                    0x00002f95   Thumb Code   332  dmul.o(x$fpl$dmul)
    __fpl_dnaninf                            0x000030e9   Thumb Code   156  dnaninf.o(x$fpl$dnaninf)
    __fpl_dretinf                            0x00003185   Thumb Code    12  dretinf.o(x$fpl$dretinf)
    __aeabi_dsub                             0x00003191   Thumb Code     0  daddsub_clz.o(x$fpl$dsub)
    _dsub                                    0x00003191   Thumb Code   472  daddsub_clz.o(x$fpl$dsub)
    __aeabi_f2d                              0x0000336d   Thumb Code     0  f2d.o(x$fpl$f2d)
    _f2d                                     0x0000336d   Thumb Code    86  f2d.o(x$fpl$f2d)
    __fpl_fnaninf                            0x000033c3   Thumb Code   140  fnaninf.o(x$fpl$fnaninf)
    _fp_init                                 0x0000344f   Thumb Code    26  fpinit.o(x$fpl$fpinit)
    __fplib_config_fpu_vfp                   0x00003467   Thumb Code     0  fpinit.o(x$fpl$fpinit)
    __fplib_config_pureend_doubles           0x00003467   Thumb Code     0  fpinit.o(x$fpl$fpinit)
    __fpl_fretinf                            0x00003469   Thumb Code    10  fretinf.o(x$fpl$fretinf)
    _printf_fp_dec                           0x00003473   Thumb Code     4  printf1.o(x$fpl$printf1)
    _printf_fp_hex                           0x00003477   Thumb Code     4  printf2.o(x$fpl$printf2)
    __I$use$fp                               0x0000347a   Number         0  usenofp.o(x$fpl$usenofp)
    Region$$Table$$Base                      0x000035b0   Number         0  anon$$obj.o(Region$$Table)
    Region$$Table$$Limit                     0x000035c0   Number         0  anon$$obj.o(Region$$Table)
    __ctype                                  0x000035e9   Data           0  lc_ctype_c.o(locale$$data)
    __libspace_start                         0x20000000   Data          96  libspace.o(.bss)
    __temporary_stack_top$libspace           0x20000060   Data           0  libspace.o(.bss)
    buffer                                   0x20000060   Data          60  main.o(.bss.buffer)
    current_value                            0x2000009c   Data           4  main.o(.bss.current_value)
    interruptOccurred                        0x200000a0   Data           4  main.o(.bss.interruptOccurred)
    j                                        0x200000a4   Data           4  main.o(.bss.j)
    rpm                                      0x200000a8   Data           4  main.o(.bss.rpm)
    updateFlag                               0x200000ac   Data           4  main.o(.bss.updateFlag)



==============================================================================

Memory Map of the image

  Image Entry point : 0x000003c9

  Load Region LR_1 (Base: 0x00000000, Size: 0x000036ec, Max: 0xffffffff, ABSOLUTE)

    Execution Region ER_RO (Exec base: 0x00000000, Load base: 0x00000000, Size: 0x000036ec, Max: 0xffffffff, ABSOLUTE)

    Exec Addr    Load Addr    Size         Type   Attr      Idx    E Section Name        Object

    0x00000000   0x00000000   0x0000026c   Data   RO           58    RESET               startup_tm4c123.o
    0x0000026c   0x0000026c   0x00000008   Code   RO           85  * !!!main             c_w.l(__main.o)
    0x00000274   0x00000274   0x0000005c   Code   RO          446    !!!scatter          c_w.l(__scatter.o)
    0x000002d0   0x000002d0   0x00000002   Code   RO          447    !!handler_null      c_w.l(__scatter.o)
    0x000002d2   0x000002d2   0x00000002   PAD
    0x000002d4   0x000002d4   0x0000001c   Code   RO          450    !!handler_zi        c_w.l(__scatter_zi.o)
    0x000002f0   0x000002f0   0x00000000   Code   RO          185    .ARM.Collect$$_printf_percent$$00000000  c_w.l(_printf_percent.o)
    0x000002f0   0x000002f0   0x00000006   Code   RO          174    .ARM.Collect$$_printf_percent$$00000001  c_w.l(_printf_n.o)
    0x000002f6   0x000002f6   0x00000006   Code   RO          176    .ARM.Collect$$_printf_percent$$00000002  c_w.l(_printf_p.o)
    0x000002fc   0x000002fc   0x00000006   Code   RO          181    .ARM.Collect$$_printf_percent$$00000003  c_w.l(_printf_f.o)
    0x00000302   0x00000302   0x00000006   Code   RO          182    .ARM.Collect$$_printf_percent$$00000004  c_w.l(_printf_e.o)
    0x00000308   0x00000308   0x00000006   Code   RO          183    .ARM.Collect$$_printf_percent$$00000005  c_w.l(_printf_g.o)
    0x0000030e   0x0000030e   0x00000006   Code   RO          184    .ARM.Collect$$_printf_percent$$00000006  c_w.l(_printf_a.o)
    0x00000314   0x00000314   0x0000000a   Code   RO          189    .ARM.Collect$$_printf_percent$$00000007  c_w.l(_printf_ll.o)
    0x0000031e   0x0000031e   0x00000006   Code   RO          178    .ARM.Collect$$_printf_percent$$00000008  c_w.l(_printf_i.o)
    0x00000324   0x00000324   0x00000006   Code   RO          179    .ARM.Collect$$_printf_percent$$00000009  c_w.l(_printf_d.o)
    0x0000032a   0x0000032a   0x00000006   Code   RO          180    .ARM.Collect$$_printf_percent$$0000000A  c_w.l(_printf_u.o)
    0x00000330   0x00000330   0x00000006   Code   RO          177    .ARM.Collect$$_printf_percent$$0000000B  c_w.l(_printf_o.o)
    0x00000336   0x00000336   0x00000006   Code   RO          175    .ARM.Collect$$_printf_percent$$0000000C  c_w.l(_printf_x.o)
    0x0000033c   0x0000033c   0x00000006   Code   RO          186    .ARM.Collect$$_printf_percent$$0000000D  c_w.l(_printf_lli.o)
    0x00000342   0x00000342   0x00000006   Code   RO          187    .ARM.Collect$$_printf_percent$$0000000E  c_w.l(_printf_lld.o)
    0x00000348   0x00000348   0x00000006   Code   RO          188    .ARM.Collect$$_printf_percent$$0000000F  c_w.l(_printf_llu.o)
    0x0000034e   0x0000034e   0x00000006   Code   RO          193    .ARM.Collect$$_printf_percent$$00000010  c_w.l(_printf_llo.o)
    0x00000354   0x00000354   0x00000006   Code   RO          194    .ARM.Collect$$_printf_percent$$00000011  c_w.l(_printf_llx.o)
    0x0000035a   0x0000035a   0x0000000a   Code   RO          190    .ARM.Collect$$_printf_percent$$00000012  c_w.l(_printf_l.o)
    0x00000364   0x00000364   0x00000006   Code   RO          172    .ARM.Collect$$_printf_percent$$00000013  c_w.l(_printf_c.o)
    0x0000036a   0x0000036a   0x00000006   Code   RO          173    .ARM.Collect$$_printf_percent$$00000014  c_w.l(_printf_s.o)
    0x00000370   0x00000370   0x00000006   Code   RO          191    .ARM.Collect$$_printf_percent$$00000015  c_w.l(_printf_lc.o)
    0x00000376   0x00000376   0x00000006   Code   RO          192    .ARM.Collect$$_printf_percent$$00000016  c_w.l(_printf_ls.o)
    0x0000037c   0x0000037c   0x00000004   Code   RO          244    .ARM.Collect$$_printf_percent$$00000017  c_w.l(_printf_percent_end.o)
    0x00000380   0x00000380   0x00000002   Code   RO          295    .ARM.Collect$$libinit$$00000000  c_w.l(libinit.o)
    0x00000382   0x00000382   0x00000004   Code   RO          312    .ARM.Collect$$libinit$$00000001  c_w.l(libinit2.o)
    0x00000386   0x00000386   0x00000000   Code   RO          315    .ARM.Collect$$libinit$$00000004  c_w.l(libinit2.o)
    0x00000386   0x00000386   0x00000000   Code   RO          317    .ARM.Collect$$libinit$$00000006  c_w.l(libinit2.o)
    0x00000386   0x00000386   0x00000000   Code   RO          320    .ARM.Collect$$libinit$$0000000C  c_w.l(libinit2.o)
    0x00000386   0x00000386   0x00000000   Code   RO          322    .ARM.Collect$$libinit$$0000000E  c_w.l(libinit2.o)
    0x00000386   0x00000386   0x00000000   Code   RO          324    .ARM.Collect$$libinit$$00000010  c_w.l(libinit2.o)
    0x00000386   0x00000386   0x00000006   Code   RO          325    .ARM.Collect$$libinit$$00000011  c_w.l(libinit2.o)
    0x0000038c   0x0000038c   0x00000000   Code   RO          327    .ARM.Collect$$libinit$$00000013  c_w.l(libinit2.o)
    0x0000038c   0x0000038c   0x0000000c   Code   RO          328    .ARM.Collect$$libinit$$00000014  c_w.l(libinit2.o)
    0x00000398   0x00000398   0x00000000   Code   RO          329    .ARM.Collect$$libinit$$00000015  c_w.l(libinit2.o)
    0x00000398   0x00000398   0x00000000   Code   RO          331    .ARM.Collect$$libinit$$00000017  c_w.l(libinit2.o)
    0x00000398   0x00000398   0x0000000a   Code   RO          332    .ARM.Collect$$libinit$$00000018  c_w.l(libinit2.o)
    0x000003a2   0x000003a2   0x00000000   Code   RO          333    .ARM.Collect$$libinit$$00000019  c_w.l(libinit2.o)
    0x000003a2   0x000003a2   0x00000000   Code   RO          335    .ARM.Collect$$libinit$$0000001B  c_w.l(libinit2.o)
    0x000003a2   0x000003a2   0x00000000   Code   RO          337    .ARM.Collect$$libinit$$0000001D  c_w.l(libinit2.o)
    0x000003a2   0x000003a2   0x00000000   Code   RO          339    .ARM.Collect$$libinit$$0000001F  c_w.l(libinit2.o)
    0x000003a2   0x000003a2   0x00000000   Code   RO          341    .ARM.Collect$$libinit$$00000021  c_w.l(libinit2.o)
    0x000003a2   0x000003a2   0x00000000   Code   RO          343    .ARM.Collect$$libinit$$00000023  c_w.l(libinit2.o)
    0x000003a2   0x000003a2   0x00000000   Code   RO          345    .ARM.Collect$$libinit$$00000025  c_w.l(libinit2.o)
    0x000003a2   0x000003a2   0x00000000   Code   RO          347    .ARM.Collect$$libinit$$00000027  c_w.l(libinit2.o)
    0x000003a2   0x000003a2   0x00000000   Code   RO          351    .ARM.Collect$$libinit$$0000002E  c_w.l(libinit2.o)
    0x000003a2   0x000003a2   0x00000000   Code   RO          353    .ARM.Collect$$libinit$$00000030  c_w.l(libinit2.o)
    0x000003a2   0x000003a2   0x00000000   Code   RO          355    .ARM.Collect$$libinit$$00000032  c_w.l(libinit2.o)
    0x000003a2   0x000003a2   0x00000000   Code   RO          357    .ARM.Collect$$libinit$$00000034  c_w.l(libinit2.o)
    0x000003a2   0x000003a2   0x00000002   Code   RO          358    .ARM.Collect$$libinit$$00000035  c_w.l(libinit2.o)
    0x000003a4   0x000003a4   0x00000002   Code   RO          382    .ARM.Collect$$libshutdown$$00000000  c_w.l(libshutdown.o)
    0x000003a6   0x000003a6   0x00000000   Code   RO          397    .ARM.Collect$$libshutdown$$00000002  c_w.l(libshutdown2.o)
    0x000003a6   0x000003a6   0x00000000   Code   RO          399    .ARM.Collect$$libshutdown$$00000004  c_w.l(libshutdown2.o)
    0x000003a6   0x000003a6   0x00000000   Code   RO          402    .ARM.Collect$$libshutdown$$00000007  c_w.l(libshutdown2.o)
    0x000003a6   0x000003a6   0x00000000   Code   RO          405    .ARM.Collect$$libshutdown$$0000000A  c_w.l(libshutdown2.o)
    0x000003a6   0x000003a6   0x00000000   Code   RO          407    .ARM.Collect$$libshutdown$$0000000C  c_w.l(libshutdown2.o)
    0x000003a6   0x000003a6   0x00000000   Code   RO          410    .ARM.Collect$$libshutdown$$0000000F  c_w.l(libshutdown2.o)
    0x000003a6   0x000003a6   0x00000002   Code   RO          411    .ARM.Collect$$libshutdown$$00000010  c_w.l(libshutdown2.o)
    0x000003a8   0x000003a8   0x00000000   Code   RO          103    .ARM.Collect$$rtentry$$00000000  c_w.l(__rtentry.o)
    0x000003a8   0x000003a8   0x00000000   Code   RO          213    .ARM.Collect$$rtentry$$00000002  c_w.l(__rtentry2.o)
    0x000003a8   0x000003a8   0x00000006   Code   RO          225    .ARM.Collect$$rtentry$$00000004  c_w.l(__rtentry4.o)
    0x000003ae   0x000003ae   0x00000000   Code   RO          215    .ARM.Collect$$rtentry$$00000009  c_w.l(__rtentry2.o)
    0x000003ae   0x000003ae   0x00000004   Code   RO          216    .ARM.Collect$$rtentry$$0000000A  c_w.l(__rtentry2.o)
    0x000003b2   0x000003b2   0x00000000   Code   RO          218    .ARM.Collect$$rtentry$$0000000C  c_w.l(__rtentry2.o)
    0x000003b2   0x000003b2   0x00000008   Code   RO          219    .ARM.Collect$$rtentry$$0000000D  c_w.l(__rtentry2.o)
    0x000003ba   0x000003ba   0x00000002   Code   RO          303    .ARM.Collect$$rtexit$$00000000  c_w.l(rtexit.o)
    0x000003bc   0x000003bc   0x00000000   Code   RO          360    .ARM.Collect$$rtexit$$00000002  c_w.l(rtexit2.o)
    0x000003bc   0x000003bc   0x00000004   Code   RO          361    .ARM.Collect$$rtexit$$00000003  c_w.l(rtexit2.o)
    0x000003c0   0x000003c0   0x00000006   Code   RO          362    .ARM.Collect$$rtexit$$00000004  c_w.l(rtexit2.o)
    0x000003c6   0x000003c6   0x00000002   PAD
    0x000003c8   0x000003c8   0x00000114   Code   RO           59  * .text               startup_tm4c123.o
    0x000004dc   0x000004dc   0x0000002c   Code   RO           81    .text               c_w.l(sprintf.o)
    0x00000508   0x00000508   0x00000006   Code   RO           83    .text               c_w.l(heapauxi.o)
    0x0000050e   0x0000050e   0x0000004e   Code   RO          106    .text               c_w.l(_printf_pad.o)
    0x0000055c   0x0000055c   0x00000024   Code   RO          108    .text               c_w.l(_printf_truncate.o)
    0x00000580   0x00000580   0x00000052   Code   RO          110    .text               c_w.l(_printf_str.o)
    0x000005d2   0x000005d2   0x00000002   PAD
    0x000005d4   0x000005d4   0x00000078   Code   RO          112    .text               c_w.l(_printf_dec.o)
    0x0000064c   0x0000064c   0x00000028   Code   RO          114    .text               c_w.l(_printf_charcount.o)
    0x00000674   0x00000674   0x00000030   Code   RO          116    .text               c_w.l(_printf_char_common.o)
    0x000006a4   0x000006a4   0x0000000a   Code   RO          118    .text               c_w.l(_sputc.o)
    0x000006ae   0x000006ae   0x00000002   PAD
    0x000006b0   0x000006b0   0x000000bc   Code   RO          120    .text               c_w.l(_printf_wctomb.o)
    0x0000076c   0x0000076c   0x0000007c   Code   RO          123    .text               c_w.l(_printf_longlong_dec.o)
    0x000007e8   0x000007e8   0x00000070   Code   RO          129    .text               c_w.l(_printf_oct_int_ll.o)
    0x00000858   0x00000858   0x00000094   Code   RO          149    .text               c_w.l(_printf_hex_int_ll_ptr.o)
    0x000008ec   0x000008ec   0x00000188   Code   RO          169    .text               c_w.l(__printf_flags_ss_wp.o)
    0x00000a74   0x00000a74   0x0000008a   Code   RO          227    .text               c_w.l(lludiv10.o)
    0x00000afe   0x00000afe   0x000000b2   Code   RO          229    .text               c_w.l(_printf_intcommon.o)
    0x00000bb0   0x00000bb0   0x0000041c   Code   RO          231    .text               c_w.l(_printf_fp_dec.o)
    0x00000fcc   0x00000fcc   0x000002fc   Code   RO          235    .text               c_w.l(_printf_fp_hex.o)
    0x000012c8   0x000012c8   0x0000002c   Code   RO          240    .text               c_w.l(_printf_char.o)
    0x000012f4   0x000012f4   0x0000002c   Code   RO          242    .text               c_w.l(_printf_wchar.o)
    0x00001320   0x00001320   0x00000048   Code   RO          245    .text               c_w.l(_c16rtomb.o)
    0x00001368   0x00001368   0x0000004a   Code   RO          247    .text               c_w.l(sys_stackheap_outer.o)
    0x000013b2   0x000013b2   0x00000002   PAD
    0x000013b4   0x000013b4   0x00000010   Code   RO          249    .text               c_w.l(rt_ctype_table.o)
    0x000013c4   0x000013c4   0x00000008   Code   RO          254    .text               c_w.l(rt_locale_intlibspace.o)
    0x000013cc   0x000013cc   0x00000080   Code   RO          256    .text               c_w.l(_printf_fp_infnan.o)
    0x0000144c   0x0000144c   0x000000e4   Code   RO          258    .text               c_w.l(bigflt0.o)
    0x00001530   0x00001530   0x00000012   Code   RO          288    .text               c_w.l(exit.o)
    0x00001542   0x00001542   0x00000002   PAD
    0x00001544   0x00001544   0x00000008   Code   RO          300    .text               c_w.l(libspace.o)
    0x0000154c   0x0000154c   0x00000004   PAD
    0x00001550   0x00001550   0x0000007c   Code   RO          310    .text               c_w.l(strcmpv7em.o)
    0x000015cc   0x000015cc   0x0000000c   Code   RO          372    .text               c_w.l(sys_exit.o)
    0x000015d8   0x000015d8   0x00000002   Code   RO          387    .text               c_w.l(use_no_semi.o)
    0x000015da   0x000015da   0x00000000   Code   RO          389    .text               c_w.l(indicate_semi.o)
    0x000015da   0x000015da   0x00000002   PAD
    0x000015dc   0x000015dc   0x000000f2   Code   RO           18    .text.ADC_Enable    main.o
    0x000016ce   0x000016ce   0x00000002   PAD
    0x000016d0   0x000016d0   0x0000008a   Code   RO           32    .text.GPIOE_Handler  main.o
    0x0000175a   0x0000175a   0x00000002   PAD
    0x0000175c   0x0000175c   0x00000044   Code   RO           20    .text.LCD4bits_Cmd  main.o
    0x000017a0   0x000017a0   0x00000030   Code   RO           40    .text.LCD4bits_Data  main.o
    0x000017d0   0x000017d0   0x00000048   Code   RO           14    .text.LCD4bits_Init  main.o
    0x00001818   0x00001818   0x0000005a   Code   RO           36    .text.LCD_Write4bits  main.o
    0x00001872   0x00001872   0x00000002   PAD
    0x00001874   0x00001874   0x0000002c   Code   RO           22    .text.LCD_WriteString  main.o
    0x000018a0   0x000018a0   0x00000092   Code   RO            6    .text.PA0_1_as_UART_Tx_Rx_Init  main.o
    0x00001932   0x00001932   0x00000002   PAD
    0x00001934   0x00001934   0x000000de   Code   RO           16    .text.PE0_External_Interrupt_Input_Init  main.o
    0x00001a12   0x00001a12   0x00000002   PAD
    0x00001a14   0x00001a14   0x0000008a   Code   RO            8    .text.PF2_as_M1PWM6_Init  main.o
    0x00001a9e   0x00001a9e   0x00000002   PAD
    0x00001aa0   0x00001aa0   0x0000007a   Code   RO            4    .text.PLL_Init      main.o
    0x00001b1a   0x00001b1a   0x00000002   PAD
    0x00001b1c   0x00001b1c   0x000000a0   Code   RO           10    .text.PWM_Module1_Channel6_Init  main.o
    0x00001bbc   0x00001bbc   0x0000010c   Code   RO           70    .text.SystemInit    system_tm4c123.o
    0x00001cc8   0x00001cc8   0x0000003e   Code   RO           28    .text.UART0_SendString  main.o
    0x00001d06   0x00001d06   0x00000002   PAD
    0x00001d08   0x00001d08   0x00000090   Code   RO           12    .text.UART0_Tx_RX_Init  main.o
    0x00001d98   0x00001d98   0x00000022   Code   RO           30    .text.delay         main.o
    0x00001dba   0x00001dba   0x00000002   PAD
    0x00001dbc   0x00001dbc   0x0000003e   Code   RO           34    .text.delayMs       main.o
    0x00001dfa   0x00001dfa   0x00000002   PAD
    0x00001dfc   0x00001dfc   0x0000003a   Code   RO           38    .text.delayUs       main.o
    0x00001e36   0x00001e36   0x00000002   PAD
    0x00001e38   0x00001e38   0x00000164   Code   RO           26    .text.floatToString  main.o
    0x00001f9c   0x00001f9c   0x000000c8   Code   RO           24    .text.intToString   main.o
    0x00002064   0x00002064   0x00000004   PAD
    0x00002068   0x00002068   0x0000029c   Code   RO            2    .text.main          main.o
    0x00002304   0x00002304   0x0000003e   Code   RO          261    CL$$btod_d2e        c_w.l(btod.o)
    0x00002342   0x00002342   0x00000046   Code   RO          263    CL$$btod_d2e_denorm_low  c_w.l(btod.o)
    0x00002388   0x00002388   0x00000060   Code   RO          262    CL$$btod_d2e_norm_op1  c_w.l(btod.o)
    0x000023e8   0x000023e8   0x00000338   Code   RO          271    CL$$btod_div_common  c_w.l(btod.o)
    0x00002720   0x00002720   0x000000dc   Code   RO          268    CL$$btod_e2e        c_w.l(btod.o)
    0x000027fc   0x000027fc   0x0000002a   Code   RO          265    CL$$btod_ediv       c_w.l(btod.o)
    0x00002826   0x00002826   0x0000002a   Code   RO          264    CL$$btod_emul       c_w.l(btod.o)
    0x00002850   0x00002850   0x00000244   Code   RO          270    CL$$btod_mult_common  c_w.l(btod.o)
    0x00002a94   0x00002a94   0x00000030   Code   RO          298    i.__ARM_fpclassify  m_wm.l(fpclassify.o)
    0x00002ac4   0x00002ac4   0x0000000e   Code   RO          162    i._is_digit         c_w.l(__printf_wp.o)
    0x00002ad2   0x00002ad2   0x00000002   PAD
    0x00002ad4   0x00002ad4   0x0000002c   Code   RO          286    locale$$code        c_w.l(lc_numeric_c.o)
    0x00002b00   0x00002b00   0x0000002c   Code   RO          308    locale$$code        c_w.l(lc_ctype_c.o)
    0x00002b2c   0x00002b2c   0x00000062   Code   RO           87    x$fpl$d2f           fz_wm.l(d2f.o)
    0x00002b8e   0x00002b8e   0x00000002   PAD
    0x00002b90   0x00002b90   0x00000150   Code   RO           89    x$fpl$dadd          fz_wm.l(daddsub_clz.o)
    0x00002ce0   0x00002ce0   0x000002b4   Code   RO           96    x$fpl$ddiv          fz_wm.l(ddiv.o)
    0x00002f94   0x00002f94   0x00000154   Code   RO           99    x$fpl$dmul          fz_wm.l(dmul.o)
    0x000030e8   0x000030e8   0x0000009c   Code   RO          195    x$fpl$dnaninf       fz_wm.l(dnaninf.o)
    0x00003184   0x00003184   0x0000000c   Code   RO          197    x$fpl$dretinf       fz_wm.l(dretinf.o)
    0x00003190   0x00003190   0x000001dc   Code   RO           91    x$fpl$dsub          fz_wm.l(daddsub_clz.o)
    0x0000336c   0x0000336c   0x00000056   Code   RO          101    x$fpl$f2d           fz_wm.l(f2d.o)
    0x000033c2   0x000033c2   0x0000008c   Code   RO          199    x$fpl$fnaninf       fz_wm.l(fnaninf.o)
    0x0000344e   0x0000344e   0x0000001a   Code   RO          370    x$fpl$fpinit        fz_wm.l(fpinit.o)
    0x00003468   0x00003468   0x0000000a   Code   RO          201    x$fpl$fretinf       fz_wm.l(fretinf.o)
    0x00003472   0x00003472   0x00000004   Code   RO          203    x$fpl$printf1       fz_wm.l(printf1.o)
    0x00003476   0x00003476   0x00000004   Code   RO          205    x$fpl$printf2       fz_wm.l(printf2.o)
    0x0000347a   0x0000347a   0x00000000   Code   RO          211    x$fpl$usenofp       fz_wm.l(usenofp.o)
    0x0000347a   0x0000347a   0x00000002   PAD
    0x0000347c   0x0000347c   0x00000008   Data   RO          121    .constdata          c_w.l(_printf_wctomb.o)
    0x00003484   0x00003484   0x00000028   Data   RO          150    .constdata          c_w.l(_printf_hex_int_ll_ptr.o)
    0x000034ac   0x000034ac   0x00000011   Data   RO          170    .constdata          c_w.l(__printf_flags_ss_wp.o)
    0x000034bd   0x000034bd   0x00000026   Data   RO          236    .constdata          c_w.l(_printf_fp_hex.o)
    0x000034e3   0x000034e3   0x00000001   PAD
    0x000034e4   0x000034e4   0x00000094   Data   RO          259    .constdata          c_w.l(bigflt0.o)
    0x00003578   0x00003578   0x00000035   Data   RO           46    .rodata.str1.1      main.o
    0x000035ad   0x000035ad   0x00000003   PAD
    0x000035b0   0x000035b0   0x00000010   Data   RO          445    Region$$Table       anon$$obj.o
    0x000035c0   0x000035c0   0x0000001c   Data   RO          285    locale$$data        c_w.l(lc_numeric_c.o)
    0x000035dc   0x000035dc   0x00000110   Data   RO          307    locale$$data        c_w.l(lc_ctype_c.o)


    Execution Region ER_RW (Exec base: 0x20000000, Load base: 0x000036ec, Size: 0x00000000, Max: 0xffffffff, ABSOLUTE)

    **** No section assigned to this execution region ****


    Execution Region ER_ZI (Exec base: 0x20000000, Load base: 0x000036ec, Size: 0x000002b0, Max: 0xffffffff, ABSOLUTE)

    Exec Addr    Load Addr    Size         Type   Attr      Idx    E Section Name        Object

    0x20000000        -       0x00000060   Zero   RW          301    .bss                c_w.l(libspace.o)
    0x20000060        -       0x0000003c   Zero   RW           47    .bss.buffer         main.o
    0x2000009c        -       0x00000004   Zero   RW           45    .bss.current_value  main.o
    0x200000a0        -       0x00000004   Zero   RW           43    .bss.interruptOccurred  main.o
    0x200000a4        -       0x00000004   Zero   RW           48    .bss.j              main.o
    0x200000a8        -       0x00000004   Zero   RW           42    .bss.rpm            main.o
    0x200000ac        -       0x00000004   Zero   RW           44    .bss.updateFlag     main.o
    0x200000b0        -       0x00000000   Zero   RW           57    HEAP                startup_tm4c123.o
    0x200000b0        -       0x00000200   Zero   RW           56    STACK               startup_tm4c123.o


==============================================================================

Image component sizes


      Code (inc. data)   RO Data    RW Data    ZI Data      Debug   Object Name

      3074         40         53          0         80      14129   main.o
       276         24        620          0        512       5520   startup_tm4c123.o
       268          0          0          0          0       6788   system_tm4c123.o

    ----------------------------------------------------------------------
      3644         64        692          0        592      26437   Object Totals
         0          0         16          0          0          0   (incl. Generated)
        26          0          3          0          0          0   (incl. Padding)

    ----------------------------------------------------------------------

      Code (inc. data)   RO Data    RW Data    ZI Data      Debug   Library Member Name

         8          0          0          0          0         68   __main.o
       392          4         17          0          0         92   __printf_flags_ss_wp.o
        14          0          0          0          0         68   __printf_wp.o
         0          0          0          0          0          0   __rtentry.o
        12          0          0          0          0          0   __rtentry2.o
         6          0          0          0          0          0   __rtentry4.o
        94          8          0          0          0          0   __scatter.o
        28          0          0          0          0          0   __scatter_zi.o
        72          0          0          0          0         96   _c16rtomb.o
         6          0          0          0          0          0   _printf_a.o
         6          0          0          0          0          0   _printf_c.o
        44          0          0          0          0        108   _printf_char.o
        48          6          0          0          0         96   _printf_char_common.o
        40          0          0          0          0         68   _printf_charcount.o
         6          0          0          0          0          0   _printf_d.o
       120         16          0          0          0         92   _printf_dec.o
         6          0          0          0          0          0   _printf_e.o
         6          0          0          0          0          0   _printf_f.o
      1052          0          0          0          0        148   _printf_fp_dec.o
       764          8         38          0          0        100   _printf_fp_hex.o
       128         16          0          0          0         84   _printf_fp_infnan.o
         6          0          0          0          0          0   _printf_g.o
       148          4         40          0          0        160   _printf_hex_int_ll_ptr.o
         6          0          0          0          0          0   _printf_i.o
       178          0          0          0          0         88   _printf_intcommon.o
        10          0          0          0          0          0   _printf_l.o
         6          0          0          0          0          0   _printf_lc.o
        10          0          0          0          0          0   _printf_ll.o
         6          0          0          0          0          0   _printf_lld.o
         6          0          0          0          0          0   _printf_lli.o
         6          0          0          0          0          0   _printf_llo.o
         6          0          0          0          0          0   _printf_llu.o
         6          0          0          0          0          0   _printf_llx.o
       124         16          0          0          0         92   _printf_longlong_dec.o
         6          0          0          0          0          0   _printf_ls.o
         6          0          0          0          0          0   _printf_n.o
         6          0          0          0          0          0   _printf_o.o
       112          8          0          0          0        124   _printf_oct_int_ll.o
         6          0          0          0          0          0   _printf_p.o
        78          0          0          0          0        108   _printf_pad.o
         0          0          0          0          0          0   _printf_percent.o
         4          0          0          0          0          0   _printf_percent_end.o
         6          0          0          0          0          0   _printf_s.o
        82          0          0          0          0         80   _printf_str.o
        36          0          0          0          0         84   _printf_truncate.o
         6          0          0          0          0          0   _printf_u.o
        44          0          0          0          0        108   _printf_wchar.o
       188          6          8          0          0         92   _printf_wctomb.o
         6          0          0          0          0          0   _printf_x.o
        10          0          0          0          0         68   _sputc.o
       228          4        148          0          0         96   bigflt0.o
      1936        128          0          0          0        668   btod.o
        18          0          0          0          0         80   exit.o
         6          0          0          0          0        152   heapauxi.o
         0          0          0          0          0          0   indicate_semi.o
        44         10        272          0          0         76   lc_ctype_c.o
        44         10         28          0          0         76   lc_numeric_c.o
         2          0          0          0          0          0   libinit.o
        34          0          0          0          0          0   libinit2.o
         2          0          0          0          0          0   libshutdown.o
         2          0          0          0          0          0   libshutdown2.o
         8          4          0          0         96         68   libspace.o
       138          0          0          0          0         80   lludiv10.o
        16          4          0          0          0         76   rt_ctype_table.o
         8          4          0          0          0         68   rt_locale_intlibspace.o
         2          0          0          0          0          0   rtexit.o
        10          0          0          0          0          0   rtexit2.o
        44          6          0          0          0         84   sprintf.o
       124          0          0          0          0         88   strcmpv7em.o
        12          4          0          0          0         68   sys_exit.o
        74          0          0          0          0         80   sys_stackheap_outer.o
         2          0          0          0          0         68   use_no_semi.o
        98          4          0          0          0        140   d2f.o
       812         16          0          0          0        392   daddsub_clz.o
       692        140          0          0          0        264   ddiv.o
       340         12          0          0          0        152   dmul.o
       156          4          0          0          0        140   dnaninf.o
        12          0          0          0          0        116   dretinf.o
        86          4          0          0          0        132   f2d.o
       140          4          0          0          0        132   fnaninf.o
        26          0          0          0          0        116   fpinit.o
        10          0          0          0          0        116   fretinf.o
         4          0          0          0          0        116   printf1.o
         4          0          0          0          0        116   printf2.o
         0          0          0          0          0          0   usenofp.o
        48          0          0          0          0        124   fpclassify.o

    ----------------------------------------------------------------------
      9172        454        552          0         96       5908   Library Totals
        24          4          1          0          0          0   (incl. Padding)

    ----------------------------------------------------------------------

      Code (inc. data)   RO Data    RW Data    ZI Data      Debug   Library Name

      6720        266        551          0         96       3852   c_w.l
      2380        184          0          0          0       1932   fz_wm.l
        48          0          0          0          0        124   m_wm.l

    ----------------------------------------------------------------------
      9172        454        552          0         96       5908   Library Totals

    ----------------------------------------------------------------------

==============================================================================


      Code (inc. data)   RO Data    RW Data    ZI Data      Debug   

     12816        518       1244          0        688      29097   Grand Totals
     12816        518       1244          0        688      29097   ELF Image Totals
     12816        518       1244          0          0          0   ROM Totals

==============================================================================

    Total RO  Size (Code + RO Data)                14060 (  13.73kB)
    Total RW  Size (RW Data + ZI Data)               688 (   0.67kB)
    Total ROM Size (Code + RO Data + RW Data)      14060 (  13.73kB)

==============================================================================

