<html>
<body>
<pre>
<h1>µVision Build Log</h1>
<h2>Tool Versions:</h2>
IDE-Version: µVision V5.39.0.0
Copyright (C) 2023 ARM Ltd and ARM Germany GmbH. All rights reserved.
License Information: Haider Ali, UET Lahore, LIC=----
 
Tool Versions:
Toolchain:       MDK-Lite  Version: 5.39.0.0
Toolchain Path:  C:\Keil_v5\ARM\ARMCLANG\Bin
C Compiler:      ArmClang.exe V6.21
Assembler:       Armasm.exe V6.21
Linker/Locator:  ArmLink.exe V6.21
Library Manager: ArmAr.exe V6.21
Hex Converter:   FromElf.exe V6.21
CPU DLL:         SARMCM3.DLL V5.39.0.0
Dialog DLL:      DCM.DLL V1.17.5.0
Target DLL:      UL2CM3.DLL V1.164.9.0
Dialog DLL:      TCM.DLL V1.56.4.0
 
<h2>Project:</h2>
E:\University Work\Semester 5\ES-II\2022_ES_II_SmesterProject_1_11\uVision_Keil_Project_11\MOTOR_CTRL_COMBINED_CODE.uvprojx
Project File Date:  11/23/2024

<h2>Output:</h2>
*** Using Compiler 'V6.21', folder: 'C:\Keil_v5\ARM\ARMCLANG\Bin'
Rebuild target 'Target 1'
assembling startup_TM4C123.s...
RTE/Device/TM4C123GH6PM/system_TM4C123.c(13): warning: In file included from...
C:/Users/ApriZon/AppData/Local/Arm/Packs/Keil/TM4C_DFP/1.1.0/Device/Include/TM4C123\TM4C123.h(98): warning: In file included from...
C:/Users/ApriZon/AppData/Local/Arm/Packs/Keil/TM4C_DFP/1.1.0/Device/Include/TM4C123/TM4C123GH6PM.h(298): warning: anonymous unions are a C11 extension [-Wc11-extensions]
  298 |   union {
      |   ^
C:/Users/ApriZon/AppData/Local/Arm/Packs/Keil/TM4C_DFP/1.1.0/Device/Include/TM4C123/TM4C123GH6PM.h(338): warning: anonymous unions are a C11 extension [-Wc11-extensions]
  338 |   union {
      |   ^
C:/Users/ApriZon/AppData/Local/Arm/Packs/Keil/TM4C_DFP/1.1.0/Device/Include/TM4C123/TM4C123GH6PM.h(357): warning: anonymous unions are a C11 extension [-Wc11-extensions]
  357 |   union {
      |   ^
C:/Users/ApriZon/AppData/Local/Arm/Packs/Keil/TM4C_DFP/1.1.0/Device/Include/TM4C123/TM4C123GH6PM.h(713): warning: anonymous unions are a C11 extension [-Wc11-extensions]
  713 |   union {
      |   ^
C:/Users/ApriZon/AppData/Local/Arm/Packs/Keil/TM4C_DFP/1.1.0/Device/Include/TM4C123/TM4C123GH6PM.h(729): warning: anonymous unions are a C11 extension [-Wc11-extensions]
  729 |   union {
      |   ^
C:/Users/ApriZon/AppData/Local/Arm/Packs/Keil/TM4C_DFP/1.1.0/Device/Include/TM4C123/TM4C123GH6PM.h(774): warning: anonymous unions are a C11 extension [-Wc11-extensions]
  774 |   union {
      |   ^
C:/Users/ApriZon/AppData/Local/Arm/Packs/Keil/TM4C_DFP/1.1.0/Device/Include/TM4C123/TM4C123GH6PM.h(779): warning: anonymous unions are a C11 extension [-Wc11-extensions]
  779 |   union {
      |   ^
C:/Users/ApriZon/AppData/Local/Arm/Packs/Keil/TM4C_DFP/1.1.0/Device/Include/TM4C123/TM4C123GH6PM.h(872): warning: anonymous unions are a C11 extension [-Wc11-extensions]
  872 |   union {
      |   ^
C:/Users/ApriZon/AppData/Local/Arm/Packs/Keil/TM4C_DFP/1.1.0/Device/Include/TM4C123/TM4C123GH6PM.h(885): warning: anonymous unions are a C11 extension [-Wc11-extensions]
  885 |   union {
      |   ^
C:/Users/ApriZon/AppData/Local/Arm/Packs/Keil/TM4C_DFP/1.1.0/Device/Include/TM4C123/TM4C123GH6PM.h(892): warning: anonymous unions are a C11 extension [-Wc11-extensions]
  892 |   union {
      |   ^
C:/Users/ApriZon/AppData/Local/Arm/Packs/Keil/TM4C_DFP/1.1.0/Device/Include/TM4C123/TM4C123GH6PM.h(897): warning: anonymous unions are a C11 extension [-Wc11-extensions]
  897 |   union {
      |   ^
C:/Users/ApriZon/AppData/Local/Arm/Packs/Keil/TM4C_DFP/1.1.0/Device/Include/TM4C123/TM4C123GH6PM.h(904): warning: anonymous unions are a C11 extension [-Wc11-extensions]
  904 |   union {
      |   ^
C:/Users/ApriZon/AppData/Local/Arm/Packs/Keil/TM4C_DFP/1.1.0/Device/Include/TM4C123/TM4C123GH6PM.h(910): warning: anonymous unions are a C11 extension [-Wc11-extensions]
  910 |   union {
      |   ^
C:/Users/ApriZon/AppData/Local/Arm/Packs/Keil/TM4C_DFP/1.1.0/Device/Include/TM4C123/TM4C123GH6PM.h(917): warning: anonymous unions are a C11 extension [-Wc11-extensions]
  917 |   union {
      |   ^
C:/Users/ApriZon/AppData/Local/Arm/Packs/Keil/TM4C_DFP/1.1.0/Device/Include/TM4C123/TM4C123GH6PM.h(924): warning: anonymous unions are a C11 extension [-Wc11-extensions]
  924 |   union {
      |   ^
C:/Users/ApriZon/AppData/Local/Arm/Packs/Keil/TM4C_DFP/1.1.0/Device/Include/TM4C123/TM4C123GH6PM.h(929): warning: anonymous unions are a C11 extension [-Wc11-extensions]
  929 |   union {
      |   ^
C:/Users/ApriZon/AppData/Local/Arm/Packs/Keil/TM4C_DFP/1.1.0/Device/Include/TM4C123/TM4C123GH6PM.h(936): warning: anonymous unions are a C11 extension [-Wc11-extensions]
  936 |   union {
      |   ^
C:/Users/ApriZon/AppData/Local/Arm/Packs/Keil/TM4C_DFP/1.1.0/Device/Include/TM4C123/TM4C123GH6PM.h(942): warning: anonymous unions are a C11 extension [-Wc11-extensions]
  942 |   union {
      |   ^
C:/Users/ApriZon/AppData/Local/Arm/Packs/Keil/TM4C_DFP/1.1.0/Device/Include/TM4C123/TM4C123GH6PM.h(949): warning: anonymous unions are a C11 extension [-Wc11-extensions]
  949 |   union {
      |   ^
C:/Users/ApriZon/AppData/Local/Arm/Packs/Keil/TM4C_DFP/1.1.0/Device/Include/TM4C123/TM4C123GH6PM.h(956): warning: anonymous unions are a C11 extension [-Wc11-extensions]
  956 |   union {
      |   ^
C:/Users/ApriZon/AppData/Local/Arm/Packs/Keil/TM4C_DFP/1.1.0/Device/Include/TM4C123/TM4C123GH6PM.h(961): warning: anonymous unions are a C11 extension [-Wc11-extensions]
  961 |   union {
      |   ^
C:/Users/ApriZon/AppData/Local/Arm/Packs/Keil/TM4C_DFP/1.1.0/Device/Include/TM4C123/TM4C123GH6PM.h(968): warning: anonymous unions are a C11 extension [-Wc11-extensions]
  968 |   union {
      |   ^
C:/Users/ApriZon/AppData/Local/Arm/Packs/Keil/TM4C_DFP/1.1.0/Device/Include/TM4C123/TM4C123GH6PM.h(974): warning: anonymous unions are a C11 extension [-Wc11-extensions]
  974 |   union {
      |   ^
C:/Users/ApriZon/AppData/Local/Arm/Packs/Keil/TM4C_DFP/1.1.0/Device/Include/TM4C123/TM4C123GH6PM.h(981): warning: anonymous unions are a C11 extension [-Wc11-extensions]
  981 |   union {
      |   ^
C:/Users/ApriZon/AppData/Local/Arm/Packs/Keil/TM4C_DFP/1.1.0/Device/Include/TM4C123/TM4C123GH6PM.h(988): warning: anonymous unions are a C11 extension [-Wc11-extensions]
  988 |   union {
      |   ^
C:/Users/ApriZon/AppData/Local/Arm/Packs/Keil/TM4C_DFP/1.1.0/Device/Include/TM4C123/TM4C123GH6PM.h(993): warning: anonymous unions are a C11 extension [-Wc11-extensions]
  993 |   union {
      |   ^
C:/Users/ApriZon/AppData/Local/Arm/Packs/Keil/TM4C_DFP/1.1.0/Device/Include/TM4C123/TM4C123GH6PM.h(1000): warning: anonymous unions are a C11 extension [-Wc11-extensions]
 1000 |   union {
      |   ^
C:/Users/ApriZon/AppData/Local/Arm/Packs/Keil/TM4C_DFP/1.1.0/Device/Include/TM4C123/TM4C123GH6PM.h(1006): warning: anonymous unions are a C11 extension [-Wc11-extensions]
 1006 |   union {
      |   ^
C:/Users/ApriZon/AppData/Local/Arm/Packs/Keil/TM4C_DFP/1.1.0/Device/Include/TM4C123/TM4C123GH6PM.h(1013): warning: anonymous unions are a C11 extension [-Wc11-extensions]
 1013 |   union {
      |   ^
C:/Users/ApriZon/AppData/Local/Arm/Packs/Keil/TM4C_DFP/1.1.0/Device/Include/TM4C123/TM4C123GH6PM.h(1020): warning: anonymous unions are a C11 extension [-Wc11-extensions]
 1020 |   union {
      |   ^
C:/Users/ApriZon/AppData/Local/Arm/Packs/Keil/TM4C_DFP/1.1.0/Device/Include/TM4C123/TM4C123GH6PM.h(1025): warning: anonymous unions are a C11 extension [-Wc11-extensions]
 1025 |   union {
      |   ^
C:/Users/ApriZon/AppData/Local/Arm/Packs/Keil/TM4C_DFP/1.1.0/Device/Include/TM4C123/TM4C123GH6PM.h(1032): warning: anonymous unions are a C11 extension [-Wc11-extensions]
 1032 |   union {
      |   ^
C:/Users/ApriZon/AppData/Local/Arm/Packs/Keil/TM4C_DFP/1.1.0/Device/Include/TM4C123/TM4C123GH6PM.h(1038): warning: anonymous unions are a C11 extension [-Wc11-extensions]
 1038 |   union {
      |   ^
C:/Users/ApriZon/AppData/Local/Arm/Packs/Keil/TM4C_DFP/1.1.0/Device/Include/TM4C123/TM4C123GH6PM.h(1045): warning: anonymous unions are a C11 extension [-Wc11-extensions]
 1045 |   union {
      |   ^
C:/Users/ApriZon/AppData/Local/Arm/Packs/Keil/TM4C_DFP/1.1.0/Device/Include/TM4C123/TM4C123GH6PM.h(1052): warning: anonymous unions are a C11 extension [-Wc11-extensions]
 1052 |   union {
      |   ^
C:/Users/ApriZon/AppData/Local/Arm/Packs/Keil/TM4C_DFP/1.1.0/Device/Include/TM4C123/TM4C123GH6PM.h(1057): warning: anonymous unions are a C11 extension [-Wc11-extensions]
 1057 |   union {
      |   ^
C:/Users/ApriZon/AppData/Local/Arm/Packs/Keil/TM4C_DFP/1.1.0/Device/Include/TM4C123/TM4C123GH6PM.h(1064): warning: anonymous unions are a C11 extension [-Wc11-extensions]
 1064 |   union {
      |   ^
C:/Users/ApriZon/AppData/Local/Arm/Packs/Keil/TM4C_DFP/1.1.0/Device/Include/TM4C123/TM4C123GH6PM.h(1070): warning: anonymous unions are a C11 extension [-Wc11-extensions]
 1070 |   union {
      |   ^
C:/Users/ApriZon/AppData/Local/Arm/Packs/Keil/TM4C_DFP/1.1.0/Device/Include/TM4C123/TM4C123GH6PM.h(1077): warning: anonymous unions are a C11 extension [-Wc11-extensions]
 1077 |   union {
      |   ^
C:/Users/ApriZon/AppData/Local/Arm/Packs/Keil/TM4C_DFP/1.1.0/Device/Include/TM4C123/TM4C123GH6PM.h(1084): warning: anonymous unions are a C11 extension [-Wc11-extensions]
 1084 |   union {
      |   ^
C:/Users/ApriZon/AppData/Local/Arm/Packs/Keil/TM4C_DFP/1.1.0/Device/Include/TM4C123/TM4C123GH6PM.h(1089): warning: anonymous unions are a C11 extension [-Wc11-extensions]
 1089 |   union {
      |   ^
C:/Users/ApriZon/AppData/Local/Arm/Packs/Keil/TM4C_DFP/1.1.0/Device/Include/TM4C123/TM4C123GH6PM.h(1096): warning: anonymous unions are a C11 extension [-Wc11-extensions]
 1096 |   union {
      |   ^
C:/Users/ApriZon/AppData/Local/Arm/Packs/Keil/TM4C_DFP/1.1.0/Device/Include/TM4C123/TM4C123GH6PM.h(1102): warning: anonymous unions are a C11 extension [-Wc11-extensions]
 1102 |   union {
      |   ^
C:/Users/ApriZon/AppData/Local/Arm/Packs/Keil/TM4C_DFP/1.1.0/Device/Include/TM4C123/TM4C123GH6PM.h(1251): warning: anonymous unions are a C11 extension [-Wc11-extensions]
 1251 |   union {
      |   ^
44 warnings generated.
compiling system_TM4C123.c...
main.c(1): warning: In file included from...
C:/Users/ApriZon/AppData/Local/Arm/Packs/Keil/TM4C_DFP/1.1.0/Device/Include/TM4C123\TM4C123.h(98): warning: In file included from...
C:/Users/ApriZon/AppData/Local/Arm/Packs/Keil/TM4C_DFP/1.1.0/Device/Include/TM4C123/TM4C123GH6PM.h(298): warning: anonymous unions are a C11 extension [-Wc11-extensions]
  298 |   union {
      |   ^
C:/Users/ApriZon/AppData/Local/Arm/Packs/Keil/TM4C_DFP/1.1.0/Device/Include/TM4C123/TM4C123GH6PM.h(338): warning: anonymous unions are a C11 extension [-Wc11-extensions]
  338 |   union {
      |   ^
C:/Users/ApriZon/AppData/Local/Arm/Packs/Keil/TM4C_DFP/1.1.0/Device/Include/TM4C123/TM4C123GH6PM.h(357): warning: anonymous unions are a C11 extension [-Wc11-extensions]
  357 |   union {
      |   ^
C:/Users/ApriZon/AppData/Local/Arm/Packs/Keil/TM4C_DFP/1.1.0/Device/Include/TM4C123/TM4C123GH6PM.h(713): warning: anonymous unions are a C11 extension [-Wc11-extensions]
  713 |   union {
      |   ^
C:/Users/ApriZon/AppData/Local/Arm/Packs/Keil/TM4C_DFP/1.1.0/Device/Include/TM4C123/TM4C123GH6PM.h(729): warning: anonymous unions are a C11 extension [-Wc11-extensions]
  729 |   union {
      |   ^
C:/Users/ApriZon/AppData/Local/Arm/Packs/Keil/TM4C_DFP/1.1.0/Device/Include/TM4C123/TM4C123GH6PM.h(774): warning: anonymous unions are a C11 extension [-Wc11-extensions]
  774 |   union {
      |   ^
C:/Users/ApriZon/AppData/Local/Arm/Packs/Keil/TM4C_DFP/1.1.0/Device/Include/TM4C123/TM4C123GH6PM.h(779): warning: anonymous unions are a C11 extension [-Wc11-extensions]
  779 |   union {
      |   ^
C:/Users/ApriZon/AppData/Local/Arm/Packs/Keil/TM4C_DFP/1.1.0/Device/Include/TM4C123/TM4C123GH6PM.h(872): warning: anonymous unions are a C11 extension [-Wc11-extensions]
  872 |   union {
      |   ^
C:/Users/ApriZon/AppData/Local/Arm/Packs/Keil/TM4C_DFP/1.1.0/Device/Include/TM4C123/TM4C123GH6PM.h(885): warning: anonymous unions are a C11 extension [-Wc11-extensions]
  885 |   union {
      |   ^
C:/Users/ApriZon/AppData/Local/Arm/Packs/Keil/TM4C_DFP/1.1.0/Device/Include/TM4C123/TM4C123GH6PM.h(892): warning: anonymous unions are a C11 extension [-Wc11-extensions]
  892 |   union {
      |   ^
C:/Users/ApriZon/AppData/Local/Arm/Packs/Keil/TM4C_DFP/1.1.0/Device/Include/TM4C123/TM4C123GH6PM.h(897): warning: anonymous unions are a C11 extension [-Wc11-extensions]
  897 |   union {
      |   ^
C:/Users/ApriZon/AppData/Local/Arm/Packs/Keil/TM4C_DFP/1.1.0/Device/Include/TM4C123/TM4C123GH6PM.h(904): warning: anonymous unions are a C11 extension [-Wc11-extensions]
  904 |   union {
      |   ^
C:/Users/ApriZon/AppData/Local/Arm/Packs/Keil/TM4C_DFP/1.1.0/Device/Include/TM4C123/TM4C123GH6PM.h(910): warning: anonymous unions are a C11 extension [-Wc11-extensions]
  910 |   union {
      |   ^
C:/Users/ApriZon/AppData/Local/Arm/Packs/Keil/TM4C_DFP/1.1.0/Device/Include/TM4C123/TM4C123GH6PM.h(917): warning: anonymous unions are a C11 extension [-Wc11-extensions]
  917 |   union {
      |   ^
C:/Users/ApriZon/AppData/Local/Arm/Packs/Keil/TM4C_DFP/1.1.0/Device/Include/TM4C123/TM4C123GH6PM.h(924): warning: anonymous unions are a C11 extension [-Wc11-extensions]
  924 |   union {
      |   ^
C:/Users/ApriZon/AppData/Local/Arm/Packs/Keil/TM4C_DFP/1.1.0/Device/Include/TM4C123/TM4C123GH6PM.h(929): warning: anonymous unions are a C11 extension [-Wc11-extensions]
  929 |   union {
      |   ^
C:/Users/ApriZon/AppData/Local/Arm/Packs/Keil/TM4C_DFP/1.1.0/Device/Include/TM4C123/TM4C123GH6PM.h(936): warning: anonymous unions are a C11 extension [-Wc11-extensions]
  936 |   union {
      |   ^
C:/Users/ApriZon/AppData/Local/Arm/Packs/Keil/TM4C_DFP/1.1.0/Device/Include/TM4C123/TM4C123GH6PM.h(942): warning: anonymous unions are a C11 extension [-Wc11-extensions]
  942 |   union {
      |   ^
C:/Users/ApriZon/AppData/Local/Arm/Packs/Keil/TM4C_DFP/1.1.0/Device/Include/TM4C123/TM4C123GH6PM.h(949): warning: anonymous unions are a C11 extension [-Wc11-extensions]
  949 |   union {
      |   ^
C:/Users/ApriZon/AppData/Local/Arm/Packs/Keil/TM4C_DFP/1.1.0/Device/Include/TM4C123/TM4C123GH6PM.h(956): warning: anonymous unions are a C11 extension [-Wc11-extensions]
  956 |   union {
      |   ^
C:/Users/ApriZon/AppData/Local/Arm/Packs/Keil/TM4C_DFP/1.1.0/Device/Include/TM4C123/TM4C123GH6PM.h(961): warning: anonymous unions are a C11 extension [-Wc11-extensions]
  961 |   union {
      |   ^
C:/Users/ApriZon/AppData/Local/Arm/Packs/Keil/TM4C_DFP/1.1.0/Device/Include/TM4C123/TM4C123GH6PM.h(968): warning: anonymous unions are a C11 extension [-Wc11-extensions]
  968 |   union {
      |   ^
C:/Users/ApriZon/AppData/Local/Arm/Packs/Keil/TM4C_DFP/1.1.0/Device/Include/TM4C123/TM4C123GH6PM.h(974): warning: anonymous unions are a C11 extension [-Wc11-extensions]
  974 |   union {
      |   ^
C:/Users/ApriZon/AppData/Local/Arm/Packs/Keil/TM4C_DFP/1.1.0/Device/Include/TM4C123/TM4C123GH6PM.h(981): warning: anonymous unions are a C11 extension [-Wc11-extensions]
  981 |   union {
      |   ^
C:/Users/ApriZon/AppData/Local/Arm/Packs/Keil/TM4C_DFP/1.1.0/Device/Include/TM4C123/TM4C123GH6PM.h(988): warning: anonymous unions are a C11 extension [-Wc11-extensions]
  988 |   union {
      |   ^
C:/Users/ApriZon/AppData/Local/Arm/Packs/Keil/TM4C_DFP/1.1.0/Device/Include/TM4C123/TM4C123GH6PM.h(993): warning: anonymous unions are a C11 extension [-Wc11-extensions]
  993 |   union {
      |   ^
C:/Users/ApriZon/AppData/Local/Arm/Packs/Keil/TM4C_DFP/1.1.0/Device/Include/TM4C123/TM4C123GH6PM.h(1000): warning: anonymous unions are a C11 extension [-Wc11-extensions]
 1000 |   union {
      |   ^
C:/Users/ApriZon/AppData/Local/Arm/Packs/Keil/TM4C_DFP/1.1.0/Device/Include/TM4C123/TM4C123GH6PM.h(1006): warning: anonymous unions are a C11 extension [-Wc11-extensions]
 1006 |   union {
      |   ^
C:/Users/ApriZon/AppData/Local/Arm/Packs/Keil/TM4C_DFP/1.1.0/Device/Include/TM4C123/TM4C123GH6PM.h(1013): warning: anonymous unions are a C11 extension [-Wc11-extensions]
 1013 |   union {
      |   ^
C:/Users/ApriZon/AppData/Local/Arm/Packs/Keil/TM4C_DFP/1.1.0/Device/Include/TM4C123/TM4C123GH6PM.h(1020): warning: anonymous unions are a C11 extension [-Wc11-extensions]
 1020 |   union {
      |   ^
C:/Users/ApriZon/AppData/Local/Arm/Packs/Keil/TM4C_DFP/1.1.0/Device/Include/TM4C123/TM4C123GH6PM.h(1025): warning: anonymous unions are a C11 extension [-Wc11-extensions]
 1025 |   union {
      |   ^
C:/Users/ApriZon/AppData/Local/Arm/Packs/Keil/TM4C_DFP/1.1.0/Device/Include/TM4C123/TM4C123GH6PM.h(1032): warning: anonymous unions are a C11 extension [-Wc11-extensions]
 1032 |   union {
      |   ^
C:/Users/ApriZon/AppData/Local/Arm/Packs/Keil/TM4C_DFP/1.1.0/Device/Include/TM4C123/TM4C123GH6PM.h(1038): warning: anonymous unions are a C11 extension [-Wc11-extensions]
 1038 |   union {
      |   ^
C:/Users/ApriZon/AppData/Local/Arm/Packs/Keil/TM4C_DFP/1.1.0/Device/Include/TM4C123/TM4C123GH6PM.h(1045): warning: anonymous unions are a C11 extension [-Wc11-extensions]
 1045 |   union {
      |   ^
C:/Users/ApriZon/AppData/Local/Arm/Packs/Keil/TM4C_DFP/1.1.0/Device/Include/TM4C123/TM4C123GH6PM.h(1052): warning: anonymous unions are a C11 extension [-Wc11-extensions]
 1052 |   union {
      |   ^
C:/Users/ApriZon/AppData/Local/Arm/Packs/Keil/TM4C_DFP/1.1.0/Device/Include/TM4C123/TM4C123GH6PM.h(1057): warning: anonymous unions are a C11 extension [-Wc11-extensions]
 1057 |   union {
      |   ^
C:/Users/ApriZon/AppData/Local/Arm/Packs/Keil/TM4C_DFP/1.1.0/Device/Include/TM4C123/TM4C123GH6PM.h(1064): warning: anonymous unions are a C11 extension [-Wc11-extensions]
 1064 |   union {
      |   ^
C:/Users/ApriZon/AppData/Local/Arm/Packs/Keil/TM4C_DFP/1.1.0/Device/Include/TM4C123/TM4C123GH6PM.h(1070): warning: anonymous unions are a C11 extension [-Wc11-extensions]
 1070 |   union {
      |   ^
C:/Users/ApriZon/AppData/Local/Arm/Packs/Keil/TM4C_DFP/1.1.0/Device/Include/TM4C123/TM4C123GH6PM.h(1077): warning: anonymous unions are a C11 extension [-Wc11-extensions]
 1077 |   union {
      |   ^
C:/Users/ApriZon/AppData/Local/Arm/Packs/Keil/TM4C_DFP/1.1.0/Device/Include/TM4C123/TM4C123GH6PM.h(1084): warning: anonymous unions are a C11 extension [-Wc11-extensions]
 1084 |   union {
      |   ^
C:/Users/ApriZon/AppData/Local/Arm/Packs/Keil/TM4C_DFP/1.1.0/Device/Include/TM4C123/TM4C123GH6PM.h(1089): warning: anonymous unions are a C11 extension [-Wc11-extensions]
 1089 |   union {
      |   ^
C:/Users/ApriZon/AppData/Local/Arm/Packs/Keil/TM4C_DFP/1.1.0/Device/Include/TM4C123/TM4C123GH6PM.h(1096): warning: anonymous unions are a C11 extension [-Wc11-extensions]
 1096 |   union {
      |   ^
C:/Users/ApriZon/AppData/Local/Arm/Packs/Keil/TM4C_DFP/1.1.0/Device/Include/TM4C123/TM4C123GH6PM.h(1102): warning: anonymous unions are a C11 extension [-Wc11-extensions]
 1102 |   union {
      |   ^
C:/Users/ApriZon/AppData/Local/Arm/Packs/Keil/TM4C_DFP/1.1.0/Device/Include/TM4C123/TM4C123GH6PM.h(1251): warning: anonymous unions are a C11 extension [-Wc11-extensions]
 1251 |   union {
      |   ^
main.c(13): warning: no previous extern declaration for non-static variable 'rpm' [-Wmissing-variable-declarations]
   13 | volatile int rpm = 0;               // Global RPM counter
      |              ^
main.c(13): note: declare 'static' if the variable is not intended to be used outside of this translation unit
   13 | volatile int rpm = 0;               // Global RPM counter
      |          ^
main.c(14): warning: no previous extern declaration for non-static variable 'interruptOccurred' [-Wmissing-variable-declarations]
   14 | volatile int interruptOccurred = 0; // Interrupt flag
      |              ^
main.c(14): note: declare 'static' if the variable is not intended to be used outside of this translation unit
   14 | volatile int interruptOccurred = 0; // Interrupt flag
      |          ^
main.c(15): warning: no previous extern declaration for non-static variable 'updateFlag' [-Wmissing-variable-declarations]
   15 | volatile int updateFlag = 0;        // Update flag for periodic display
      |              ^
main.c(15): note: declare 'static' if the variable is not intended to be used outside of this translation unit
   15 | volatile int updateFlag = 0;        // Update flag for periodic display
      |          ^
main.c(16): warning: no previous extern declaration for non-static variable 'current_value' [-Wmissing-variable-declarations]
   16 | volatile float current_value = 0.0;
      |                ^
main.c(16): note: declare 'static' if the variable is not intended to be used outside of this translation unit
   16 | volatile float current_value = 0.0;
      |          ^
main.c(60): warning: implicit conversion changes signedness: 'volatile uint32_t' (aka 'volatile unsigned int') to 'int' [-Wsign-conversion]
   60 |                  int adc_value_pot= ADC0->SSFIFO3;
      |                      ~~~~~~~~~~~~~  ~~~~~~^~~~~~~
main.c(63): warning: implicit conversion loses floating-point precision: 'double' to 'float' [-Wimplicit-float-conversion]
   63 |                 float voltage_pot = (float)adc_value_pot / 4095.0;
      |                       ~~~~~~~~~~~   ~~~~~~~~~~~~~~~~~~~~~^~~~~~~~
main.c(63): warning: implicit conversion increases floating-point precision: 'float' to 'double' [-Wdouble-promotion]
   63 |                 float voltage_pot = (float)adc_value_pot / 4095.0;
      |                                     ^~~~~~~~~~~~~~~~~~~~ ~
main.c(64): warning: implicit conversion turns floating-point number into integer: 'float' to 'int' [-Wfloat-conversion]
   64 |                 int duty = (voltage_pot * 250) + 250; 
      |                     ~~~~   ~~~~~~~~~~~~~~~~~~~~^~~~~
main.c(65): warning: implicit conversion changes signedness: 'int' to 'uint32_t' (aka 'unsigned int') [-Wsign-conversion]
   65 | PWM1->_3_CMPA = duty;
      |               ~ ^~~~
main.c(69): warning: implicit conversion changes signedness: 'volatile uint32_t' (aka 'volatile unsigned int') to 'int' [-Wsign-conversion]
   69 |                 int adc_value_current = ADC1->SSFIFO3;
      |                     ~~~~~~~~~~~~~~~~~   ~~~~~~^~~~~~~
main.c(74): warning: implicit conversion loses floating-point precision: 'double' to 'float' [-Wimplicit-float-conversion]
   74 |                 float voltage_current = (float)adc_value_current * (4.7/ 4095.0);
      |                       ~~~~~~~~~~~~~~~   ~~~~~~~~~~~~~~~~~~~~~~~~~^~~~~~~~~~~~~~~
main.c(74): warning: implicit conversion increases floating-point precision: 'float' to 'double' [-Wdouble-promotion]
   74 |                 float voltage_current = (float)adc_value_current * (4.7/ 4095.0);
      |                                         ^~~~~~~~~~~~~~~~~~~~~~~~ ~
main.c(75): warning: implicit conversion loses floating-point precision: 'double' to 'float' [-Wimplicit-float-conversion]
   75 |                  current_value = (voltage_current-3.65 ) / 0.1;
      |                                ~ ~~~~~~~~~~~~~~~~~~~~~~~~^~~~~
main.c(75): warning: implicit conversion increases floating-point precision: 'float' to 'double' [-Wdouble-promotion]
   75 |                  current_value = (voltage_current-3.65 ) / 0.1;
      |                                   ^~~~~~~~~~~~~~~~
main.c(96): warning: implicit conversion increases floating-point precision: 'volatile float' to 'double' [-Wdouble-promotion]
   96 |                         sprintf(rpm_string, "RPM: %d, DUTY : %d , Current :%.2f\r\n", current,duty,current_value);
      |                         ~~~~~~~                                                                    ^~~~~~~~~~~~~
main.c(60): warning: mixing declarations and code is incompatible with standards before C99 [-Wdeclaration-after-statement]
   60 |                  int adc_value_pot= ADC0->SSFIFO3;
      |                      ^
main.c(59): warning: while loop has empty body [-Wempty-body]
   59 |                 while ((ADC0->RIS & 8) == 0);
      |                                             ^
main.c(59): note: put the semicolon on a separate line to silence this warning
main.c(96): warning: 'sprintf' will always overflow; destination buffer has size 20, but format string expands to at least 35 [-Wfortify-source]
   96 |                         sprintf(rpm_string, "RPM: %d, DUTY : %d , Current :%.2f\r\n", current,duty,current_value);
      |                         ^
main.c(119): warning: a function declaration without a prototype is deprecated in all versions of C [-Wstrict-prototypes]
  119 | void PE0_External_Interrupt_Input_Init()
      |                                       ^
      |                                        void
main.c(124): warning: implicit conversion changes signedness: 'int' to 'uint32_t' (aka 'unsigned int') [-Wsign-conversion]
  124 |     GPIOE->AFSEL &= ~0x01;     // Disable alternate functions on PE0
      |                  ~~ ^~~~~
main.c(126): warning: implicit conversion changes signedness: 'int' to 'uint32_t' (aka 'unsigned int') [-Wsign-conversion]
  126 |     GPIOE->DIR &= ~0x01;       // Set PE0 as an input pin
      |                ~~ ^~~~~
main.c(128): warning: implicit conversion changes signedness: 'int' to 'uint32_t' (aka 'unsigned int') [-Wsign-conversion]
  128 |     GPIOE->IS &= ~0x01;        // Edge-triggered interrupt
      |               ~~ ^~~~~
main.c(129): warning: implicit conversion changes signedness: 'int' to 'uint32_t' (aka 'unsigned int') [-Wsign-conversion]
  129 |     GPIOE->IEV &= ~0x01;       // Falling edge trigger
      |                ~~ ^~~~~
main.c(130): warning: implicit conversion changes signedness: 'int' to 'uint32_t' (aka 'unsigned int') [-Wsign-conversion]
  130 |     GPIOE->IBE &= ~0x01;       // Disable both edge trigger
      |                ~~ ^~~~~
main.c(135): warning: implicit conversion from 'int' to 'uint8_t' (aka 'unsigned char') changes value from 2097152 to 0 [-Wconstant-conversion]
  135 |     NVIC->IP[1] = 0x00200000;  // Set priority to 1
      |                 ~ ^~~~~~~~~~
main.c(173): warning: implicit conversion changes signedness: 'int' to 'uint32_t' (aka 'unsigned int') [-Wsign-conversion]
  173 |     LCD->DATA &= ~EN;                   // Clear EN pulse
      |               ~~ ^~~
main.c(193): warning: implicit conversion loses integer precision: 'int' to 'unsigned char' [-Wimplicit-int-conversion]
  193 |     LCD_Write4bits(command << 4 , 0);       // Then lower nibble
      |     ~~~~~~~~~~~~~~ ~~~~~~~~^~~~
main.c(205): warning: implicit conversion loses integer precision: 'int' to 'unsigned char' [-Wimplicit-int-conversion]
  205 |     LCD_Write4bits(data << 4 , RS);     // Then lower nibble
      |     ~~~~~~~~~~~~~~ ~~~~~^~~~
main.c(212): warning: declaration shadows a variable in the global scope [-Wshadow]
  212 |     volatile int i,j;             // Volatile is important for variables incremented in code
      |                    ^
main.c(11): note: previous declaration is here
   11 | unsigned volatile long j;
      |                        ^
main.c(220): warning: declaration shadows a variable in the global scope [-Wshadow]
  220 |     volatile int i,j;             // Volatile is important for variables incremented in code
      |                    ^
main.c(11): note: previous declaration is here
   11 | unsigned volatile long j;
      |                        ^
main.c(235): warning: implicit conversion changes signedness: 'int' to 'char' [-Wsign-conversion]
  235 |         buffer[index++] = '0' + (num % 10);
      |                         ~ ~~~~^~~~~~~~~~~~
main.c(256): warning: implicit conversion changes signedness: 'int' to 'uint32_t' (aka 'unsigned int') [-Wsign-conversion]
  256 |     GPIOE->DEN &= ~(1 << 3);       // Disable digital function on PE3
      |                ~~ ^~~~~~~~~
main.c(261): warning: implicit conversion changes signedness: 'int' to 'uint32_t' (aka 'unsigned int') [-Wsign-conversion]
  261 |     GPIOE->DEN &= ~(1 << 2);       // Disable digital function on PE2
      |                ~~ ^~~~~~~~~
main.c(265): warning: implicit conversion changes signedness: 'int' to 'uint32_t' (aka 'unsigned int') [-Wsign-conversion]
  265 |     ADC0->ACTSS &= ~(1 << 3);      // Disable sample sequencer 3 during configuration
      |                 ~~ ^~~~~~~~~
main.c(266): warning: implicit conversion changes signedness: 'int' to 'uint32_t' (aka 'unsigned int') [-Wsign-conversion]
  266 |     ADC0->EMUX &= ~0xF000;         // Software trigger conversion
      |                ~~ ^~~~~~~
main.c(272): warning: implicit conversion changes signedness: 'int' to 'uint32_t' (aka 'unsigned int') [-Wsign-conversion]
  272 |     ADC1->ACTSS &= ~(1 << 3);      // Disable sample sequencer 3 during configuration
      |                 ~~ ^~~~~~~~~
main.c(273): warning: implicit conversion changes signedness: 'int' to 'uint32_t' (aka 'unsigned int') [-Wsign-conversion]
  273 |     ADC1->EMUX &= ~0xF000;         // Software trigger conversion
      |                ~~ ^~~~~~~
main.c(280): warning: implicit conversion from 'int' to 'float' may lose precision [-Wimplicit-int-float-conversion]
  280 |     int decimal_part = (int)((num - integer_part) * 100);  // Get the decimal part (up to 2 decimal places)
      |                                   ~ ^~~~~~~~~~~~
main.c(291): warning: implicit conversion changes signedness: 'int' to 'char' [-Wsign-conversion]
  291 |             buffer[index++] = '0' + (temp % 10);
      |                             ~ ~~~~^~~~~~~~~~~~~
main.c(308): warning: implicit conversion loses integer precision: 'int' to 'char' [-Wimplicit-int-conversion]
  308 |     buffer[index++] = '0' + (decimal_part / 10);  // Get the first decimal digit
      |                     ~ ~~~~^~~~~~~~~~~~~~~~~~~~~
main.c(309): warning: implicit conversion changes signedness: 'int' to 'char' [-Wsign-conversion]
  309 |     buffer[index++] = '0' + (decimal_part % 10);  // Get the second decimal digit
      |                     ~ ~~~~^~~~~~~~~~~~~~~~~~~~~
main.c(335): warning: implicit conversion changes signedness: 'int' to 'uint32_t' (aka 'unsigned int') [-Wsign-conversion]
  335 | SYSCTL->RCC = (SYSCTL->RCC & ~0x000007C0) + 0x00000540;
      |                            ~ ^~~~~~~~~~~
main.c(337): warning: implicit conversion changes signedness: 'int' to 'uint32_t' (aka 'unsigned int') [-Wsign-conversion]
  337 |         SYSCTL->RCC2 &= ~0x00000070;                                                    // configure for main oscillator source
      |                      ~~ ^~~~~~~~~~~
main.c(340): warning: implicit conversion changes signedness: 'int' to 'uint32_t' (aka 'unsigned int') [-Wsign-conversion]
  340 |         SYSCTL->RCC2 &= ~0x00002000;
      |                      ~~ ^~~~~~~~~~~
main.c(344): warning: implicit conversion changes signedness: 'int' to 'uint32_t' (aka 'unsigned int') [-Wsign-conversion]
  344 |         SYSCTL->RCC2 = (SYSCTL->RCC2 & ~0x1FC00000) + (24 << 22); // configure for 16 MHz clock / / clear system clock divider +
      |                                      ~ ^~~~~~~~~~~
main.c(352): warning: implicit conversion changes signedness: 'int' to 'uint32_t' (aka 'unsigned int') [-Wsign-conversion]
  352 |         SYSCTL->RCC2 &= ~0x00000800;
      |                      ~~ ^~~~~~~~~~~
main.c(455): warning: implicit conversion changes signedness: 'int' to 'uint32_t' (aka 'unsigned int') [-Wsign-conversion]
  455 |         GPIOA->DIR &= ~0x01; // PA0 as Input pin (Rx)
      |                    ~~ ^~~~~
main.c(461): warning: no newline at end of file [-Wnewline-eof]
  461 | }
      |  ^
main.c(11): warning: no previous extern declaration for non-static variable 'j' [-Wmissing-variable-declarations]
   11 | unsigned volatile long j;
      |                        ^
main.c(11): note: declare 'static' if the variable is not intended to be used outside of this translation unit
   11 | unsigned volatile long j;
      | ^
main.c(12): warning: no previous extern declaration for non-static variable 'buffer' [-Wmissing-variable-declarations]
   12 | char buffer[60];
      |      ^
main.c(12): note: declare 'static' if the variable is not intended to be used outside of this translation unit
   12 | char buffer[60];
      | ^
main.c(135): warning: unsafe buffer access [-Wunsafe-buffer-usage]
  135 |     NVIC->IP[1] = 0x00200000;  // Set priority to 1
      |     ^~~~~~~~
C:/Users/ApriZon/AppData/Local/Arm/Packs/ARM/CMSIS/5.9.0/CMSIS/Core/Include\core_cm4.h(1562): note: expanded from macro 'NVIC'
 1562 | #define NVIC                ((NVIC_Type      *)     NVIC_BASE     )   /*!< NVIC configuration struct */
      |                             ^
main.c(182): warning: unsafe pointer arithmetic [-Wunsafe-buffer-usage]
  182 |     while(*(str+i) != '\0')       // Until the end of the string
      |             ^~~
main.c(184): warning: unsafe pointer arithmetic [-Wunsafe-buffer-usage]
  184 |         LCD4bits_Data(*(str+i));    // Write each character of the string
      |                         ^~~
main.c(230): warning: unsafe buffer access [-Wunsafe-buffer-usage]
  230 |         buffer[index++] = '0';
      |         ^~~~~~
main.c(235): warning: unsafe buffer access [-Wunsafe-buffer-usage]
  235 |         buffer[index++] = '0' + (num % 10);
      |         ^~~~~~
main.c(239): warning: unsafe buffer access [-Wunsafe-buffer-usage]
  239 |     buffer[index] = '\0';
      |     ^~~~~~
main.c(243): warning: unsafe buffer access [-Wunsafe-buffer-usage]
  243 |         char temp = buffer[i];
      |                     ^~~~~~
main.c(244): warning: unsafe buffer access [-Wunsafe-buffer-usage]
  244 |         buffer[i] = buffer[index - i - 1];
      |         ^~~~~~
main.c(244): warning: unsafe buffer access [-Wunsafe-buffer-usage]
  244 |         buffer[i] = buffer[index - i - 1];
      |                     ^~~~~~
main.c(245): warning: unsafe buffer access [-Wunsafe-buffer-usage]
  245 |         buffer[index - i - 1] = temp;
      |         ^~~~~~
main.c(286): warning: unsafe buffer access [-Wunsafe-buffer-usage]
  286 |         buffer[index++] = '0';
      |         ^~~~~~
main.c(291): warning: unsafe buffer access [-Wunsafe-buffer-usage]
  291 |             buffer[index++] = '0' + (temp % 10);
      |             ^~~~~~
main.c(297): warning: unsafe buffer access [-Wunsafe-buffer-usage]
  297 |             char temp_char = buffer[i];
      |                              ^~~~~~
main.c(298): warning: unsafe buffer access [-Wunsafe-buffer-usage]
  298 |             buffer[i] = buffer[index - i - 1];
      |             ^~~~~~
main.c(298): warning: unsafe buffer access [-Wunsafe-buffer-usage]
  298 |             buffer[i] = buffer[index - i - 1];
      |                         ^~~~~~
main.c(299): warning: unsafe buffer access [-Wunsafe-buffer-usage]
  299 |             buffer[index - i - 1] = temp_char;
      |             ^~~~~~
main.c(304): warning: unsafe buffer access [-Wunsafe-buffer-usage]
  304 |     buffer[index++] = '.';
      |     ^~~~~~
main.c(308): warning: unsafe buffer access [-Wunsafe-buffer-usage]
  308 |     buffer[index++] = '0' + (decimal_part / 10);  // Get the first decimal digit
      |     ^~~~~~
main.c(309): warning: unsafe buffer access [-Wunsafe-buffer-usage]
  309 |     buffer[index++] = '0' + (decimal_part % 10);  // Get the second decimal digit
      |     ^~~~~~
main.c(311): warning: unsafe buffer access [-Wunsafe-buffer-usage]
  311 |     buffer[index] = '\0';  // Null-terminate the string
      |     ^~~~~~
main.c(321): warning: unsafe pointer arithmetic [-Wunsafe-buffer-usage]
  321 |                 str++;
      |                 ^~~
115 warnings generated.
compiling main.c...
linking...
Program Size: Code=12816 RO-data=1244 RW-data=0 ZI-data=688  
".\Objects\Mid_Project_ES_II_45.axf" - 0 Error(s), 159 Warning(s).

<h2>Software Packages used:</h2>

Package Vendor: ARM
                http://www.keil.com/pack/ARM.CMSIS.5.9.0.pack
                ARM::CMSIS@5.9.0
                CMSIS (Common Microcontroller Software Interface Standard)
   * Component: CORE Version: 5.6.0

Package Vendor: Keil
                http://www.keil.com/pack/Keil.TM4C_DFP.1.1.0.pack
                Keil::TM4C_DFP@1.1.0
                Texas Instruments Tiva C Series Device Support and Examples
   * Component: Startup Version: 1.0.1

<h2>Collection of Component include folders:</h2>
  ./RTE/_Target_1
  C:/Users/ApriZon/AppData/Local/Arm/Packs/ARM/CMSIS/5.9.0/CMSIS/Core/Include
  C:/Users/ApriZon/AppData/Local/Arm/Packs/Keil/TM4C_DFP/1.1.0/Device/Include/TM4C123

<h2>Collection of Component Files used:</h2>

   * Component: ARM::CMSIS:CORE@5.6.0

   * Component: Keil::Device:Startup@1.0.1
      Include file:  Device/Include/TM4C123/TM4C123.h
      Source file:   Device/Source/ARM/startup_TM4C123.s
      Source file:   Device/Source/system_TM4C123.c
Build Time Elapsed:  00:00:02
</pre>
</body>
</html>
